../Core/Src/stm32h7xx_hal_msp.c:76:6:HAL_MspInit	16	static
../Core/Src/stm32h7xx_hal_msp.c:98:6:HAL_ADC_MspInit	56	static
../Core/Src/stm32h7xx_hal_msp.c:149:6:HAL_ADC_MspDeInit	16	static
../Core/Src/stm32h7xx_hal_msp.c:189:6:HAL_FDCAN_MspInit	240	static
../Core/Src/stm32h7xx_hal_msp.c:237:6:HAL_FDCAN_MspDeInit	16	static
../Core/Src/stm32h7xx_hal_msp.c:266:6:HAL_I2C_MspInit	256	static
../Core/Src/stm32h7xx_hal_msp.c:378:6:HAL_I2C_MspDeInit	16	static
../Core/Src/stm32h7xx_hal_msp.c:449:6:HAL_SPI_MspInit	264	static
../Core/Src/stm32h7xx_hal_msp.c:602:6:HAL_SPI_MspDeInit	16	static
../Core/Src/stm32h7xx_hal_msp.c:689:6:HAL_TIM_Base_MspInit	40	static
../Core/Src/stm32h7xx_hal_msp.c:850:6:HAL_TIM_PWM_MspInit	24	static
../Core/Src/stm32h7xx_hal_msp.c:867:6:HAL_TIM_MspPostInit	48	static
../Core/Src/stm32h7xx_hal_msp.c:949:6:HAL_TIM_Base_MspDeInit	16	static
../Core/Src/stm32h7xx_hal_msp.c:1025:6:HAL_TIM_PWM_MspDeInit	16	static
../Core/Src/stm32h7xx_hal_msp.c:1047:6:HAL_UART_MspInit	288	static
../Core/Src/stm32h7xx_hal_msp.c:1317:6:HAL_UART_MspDeInit	16	static
