../Core/Src/main.c:110:7:lpf_update	1
../Core/Src/main.c:115:6:calibrate_imu	2
../Core/Src/main.c:147:6:compute_accel_angles	1
../Core/Src/main.c:153:6:complementary_filter_update	1
../Core/Src/main.c:168:5:main	7
../Core/Src/main.c:292:6:SystemClock_Config	3
../Core/Src/main.c:331:13:MX_I2C1_Init	2
../Core/Src/main.c:365:13:MX_I2C2_Init	2
../Core/Src/main.c:399:13:MX_SPI1_Init	2
../Core/Src/main.c:437:13:MX_SPI2_Init	2
../Core/Src/main.c:475:13:MX_USART1_UART_Init	2
../Core/Src/main.c:508:13:MX_USART2_UART_Init	2
../Core/Src/main.c:541:13:MX_GPIO_Init	1
../Core/Src/main.c:592:6:Error_Handler	1
