../Core/Src/main.c:118:5:main	240	static
../Core/Src/main.c:256:6:SystemClock_Config	72	static
../Core/Src/main.c:295:13:MX_I2C1_Init	8	static
../Core/Src/main.c:329:13:MX_I2C2_Init	8	static
../Core/Src/main.c:363:13:MX_SPI1_Init	8	static
../Core/Src/main.c:401:13:MX_SPI2_Init	8	static
../Core/Src/main.c:439:13:MX_USART1_UART_Init	8	static
../Core/Src/main.c:472:13:MX_USART2_UART_Init	8	static
../Core/Src/main.c:503:13:MX_DMA_Init	16	static
../Core/Src/main.c:524:13:MX_GPIO_Init	40	static
../Core/Src/main.c:575:6:Error_Handler	4	static,ignoring_inline_asm
