../Core/Src/main.c:96:5:main	40	static
../Core/Src/main.c:205:6:SystemClock_Config	72	static
../Core/Src/main.c:244:13:MX_I2C1_Init	8	static
../Core/Src/main.c:278:13:MX_I2C2_Init	8	static
../Core/Src/main.c:312:13:MX_SPI1_Init	8	static
../Core/Src/main.c:350:13:MX_SPI2_Init	8	static
../Core/Src/main.c:388:13:MX_USART1_UART_Init	8	static
../Core/Src/main.c:421:13:MX_USART2_UART_Init	8	static
../Core/Src/main.c:454:13:MX_GPIO_Init	40	static
../Core/Src/main.c:505:6:Error_Handler	4	static,ignoring_inline_asm
