11:48:03 **** Build of configuration Debug for project firmware ****
make -j32 all 
arm-none-eabi-gcc "../Drivers/STM32F1xx_HAL_Driver/Src/stm32f1xx_hal.c" -mcpu=cortex-m3 -std=gnu11 -g3 -DDEBUG -DUSE_HAL_DRIVER -DSTM32F103xB -c -I../Core/Inc -I../Drivers/STM32F1xx_HAL_Driver/Inc -I../Drivers/STM32F1xx_HAL_Driver/Inc/Legacy -I../Drivers/CMSIS/Device/ST/STM32F1xx/Include -I../Drivers/CMSIS/Include -O0 -ffunction-sections -fdata-sections -Wall -fstack-usage -fcyclomatic-complexity -MMD -MP -MF"Drivers/STM32F1xx_HAL_Driver/Src/stm32f1xx_hal.d" -MT"Drivers/STM32F1xx_HAL_Driver/Src/stm32f1xx_hal.o" --specs=nano.specs -mfloat-abi=soft -mthumb -o "Drivers/STM32F1xx_HAL_Driver/Src/stm32f1xx_hal.o"
arm-none-eabi-gcc "../Drivers/STM32F1xx_HAL_Driver/Src/stm32f1xx_hal_cortex.c" -mcpu=cortex-m3 -std=gnu11 -g3 -DDEBUG -DUSE_HAL_DRIVER -DSTM32F103xB -c -I../Core/Inc -I../Drivers/STM32F1xx_HAL_Driver/Inc -I../Drivers/STM32F1xx_HAL_Driver/Inc/Legacy -I../Drivers/CMSIS/Device/ST/STM32F1xx/Include -I../Drivers/CMSIS/Include -O0 -ffunction-sections -fdata-sections -Wall -fstack-usage -fcyclomatic-complexity -MMD -MP -MF"Drivers/STM32F1xx_HAL_Driver/Src/stm32f1xx_hal_cortex.d" -MT"Drivers/STM32F1xx_HAL_Driver/Src/stm32f1xx_hal_cortex.o" --specs=nano.specs -mfloat-abi=soft -mthumb -o "Drivers/STM32F1xx_HAL_Driver/Src/stm32f1xx_hal_cortex.o"
arm-none-eabi-gcc "../Drivers/STM32F1xx_HAL_Driver/Src/stm32f1xx_hal_dma.c" -mcpu=cortex-m3 -std=gnu11 -g3 -DDEBUG -DUSE_HAL_DRIVER -DSTM32F103xB -c -I../Core/Inc -I../Drivers/STM32F1xx_HAL_Driver/Inc -I../Drivers/STM32F1xx_HAL_Driver/Inc/Legacy -I../Drivers/CMSIS/Device/ST/STM32F1xx/Include -I../Drivers/CMSIS/Include -O0 -ffunction-sections -fdata-sections -Wall -fstack-usage -fcyclomatic-complexity -MMD -MP -MF"Drivers/STM32F1xx_HAL_Driver/Src/stm32f1xx_hal_dma.d" -MT"Drivers/STM32F1xx_HAL_Driver/Src/stm32f1xx_hal_dma.o" --specs=nano.specs -mfloat-abi=soft -mthumb -o "Drivers/STM32F1xx_HAL_Driver/Src/stm32f1xx_hal_dma.o"
arm-none-eabi-gcc "../Drivers/STM32F1xx_HAL_Driver/Src/stm32f1xx_hal_exti.c" -mcpu=cortex-m3 -std=gnu11 -g3 -DDEBUG -DUSE_HAL_DRIVER -DSTM32F103xB -c -I../Core/Inc -I../Drivers/STM32F1xx_HAL_Driver/Inc -I../Drivers/STM32F1xx_HAL_Driver/Inc/Legacy -I../Drivers/CMSIS/Device/ST/STM32F1xx/Include -I../Drivers/CMSIS/Include -O0 -ffunction-sections -fdata-sections -Wall -fstack-usage -fcyclomatic-complexity -MMD -MP -MF"Drivers/STM32F1xx_HAL_Driver/Src/stm32f1xx_hal_exti.d" -MT"Drivers/STM32F1xx_HAL_Driver/Src/stm32f1xx_hal_exti.o" --specs=nano.specs -mfloat-abi=soft -mthumb -o "Drivers/STM32F1xx_HAL_Driver/Src/stm32f1xx_hal_exti.o"
arm-none-eabi-gcc "../Drivers/STM32F1xx_HAL_Driver/Src/stm32f1xx_hal_flash.c" -mcpu=cortex-m3 -std=gnu11 -g3 -DDEBUG -DUSE_HAL_DRIVER -DSTM32F103xB -c -I../Core/Inc -I../Drivers/STM32F1xx_HAL_Driver/Inc -I../Drivers/STM32F1xx_HAL_Driver/Inc/Legacy -I../Drivers/CMSIS/Device/ST/STM32F1xx/Include -I../Drivers/CMSIS/Include -O0 -ffunction-sections -fdata-sections -Wall -fstack-usage -fcyclomatic-complexity -MMD -MP -MF"Drivers/STM32F1xx_HAL_Driver/Src/stm32f1xx_hal_flash.d" -MT"Drivers/STM32F1xx_HAL_Driver/Src/stm32f1xx_hal_flash.o" --specs=nano.specs -mfloat-abi=soft -mthumb -o "Drivers/STM32F1xx_HAL_Driver/Src/stm32f1xx_hal_flash.o"
arm-none-eabi-gcc "../Drivers/STM32F1xx_HAL_Driver/Src/stm32f1xx_hal_flash_ex.c" -mcpu=cortex-m3 -std=gnu11 -g3 -DDEBUG -DUSE_HAL_DRIVER -DSTM32F103xB -c -I../Core/Inc -I../Drivers/STM32F1xx_HAL_Driver/Inc -I../Drivers/STM32F1xx_HAL_Driver/Inc/Legacy -I../Drivers/CMSIS/Device/ST/STM32F1xx/Include -I../Drivers/CMSIS/Include -O0 -ffunction-sections -fdata-sections -Wall -fstack-usage -fcyclomatic-complexity -MMD -MP -MF"Drivers/STM32F1xx_HAL_Driver/Src/stm32f1xx_hal_flash_ex.d" -MT"Drivers/STM32F1xx_HAL_Driver/Src/stm32f1xx_hal_flash_ex.o" --specs=nano.specs -mfloat-abi=soft -mthumb -o "Drivers/STM32F1xx_HAL_Driver/Src/stm32f1xx_hal_flash_ex.o"
arm-none-eabi-gcc "../Drivers/STM32F1xx_HAL_Driver/Src/stm32f1xx_hal_gpio.c" -mcpu=cortex-m3 -std=gnu11 -g3 -DDEBUG -DUSE_HAL_DRIVER -DSTM32F103xB -c -I../Core/Inc -I../Drivers/STM32F1xx_HAL_Driver/Inc -I../Drivers/STM32F1xx_HAL_Driver/Inc/Legacy -I../Drivers/CMSIS/Device/ST/STM32F1xx/Include -I../Drivers/CMSIS/Include -O0 -ffunction-sections -fdata-sections -Wall -fstack-usage -fcyclomatic-complexity -MMD -MP -MF"Drivers/STM32F1xx_HAL_Driver/Src/stm32f1xx_hal_gpio.d" -MT"Drivers/STM32F1xx_HAL_Driver/Src/stm32f1xx_hal_gpio.o" --specs=nano.specs -mfloat-abi=soft -mthumb -o "Drivers/STM32F1xx_HAL_Driver/Src/stm32f1xx_hal_gpio.o"
arm-none-eabi-gcc "../Drivers/STM32F1xx_HAL_Driver/Src/stm32f1xx_hal_gpio_ex.c" -mcpu=cortex-m3 -std=gnu11 -g3 -DDEBUG -DUSE_HAL_DRIVER -DSTM32F103xB -c -I../Core/Inc -I../Drivers/STM32F1xx_HAL_Driver/Inc -I../Drivers/STM32F1xx_HAL_Driver/Inc/Legacy -I../Drivers/CMSIS/Device/ST/STM32F1xx/Include -I../Drivers/CMSIS/Include -O0 -ffunction-sections -fdata-sections -Wall -fstack-usage -fcyclomatic-complexity -MMD -MP -MF"Drivers/STM32F1xx_HAL_Driver/Src/stm32f1xx_hal_gpio_ex.d" -MT"Drivers/STM32F1xx_HAL_Driver/Src/stm32f1xx_hal_gpio_ex.o" --specs=nano.specs -mfloat-abi=soft -mthumb -o "Drivers/STM32F1xx_HAL_Driver/Src/stm32f1xx_hal_gpio_ex.o"
arm-none-eabi-gcc "../Drivers/STM32F1xx_HAL_Driver/Src/stm32f1xx_hal_i2c.c" -mcpu=cortex-m3 -std=gnu11 -g3 -DDEBUG -DUSE_HAL_DRIVER -DSTM32F103xB -c -I../Core/Inc -I../Drivers/STM32F1xx_HAL_Driver/Inc -I../Drivers/STM32F1xx_HAL_Driver/Inc/Legacy -I../Drivers/CMSIS/Device/ST/STM32F1xx/Include -I../Drivers/CMSIS/Include -O0 -ffunction-sections -fdata-sections -Wall -fstack-usage -fcyclomatic-complexity -MMD -MP -MF"Drivers/STM32F1xx_HAL_Driver/Src/stm32f1xx_hal_i2c.d" -MT"Drivers/STM32F1xx_HAL_Driver/Src/stm32f1xx_hal_i2c.o" --specs=nano.specs -mfloat-abi=soft -mthumb -o "Drivers/STM32F1xx_HAL_Driver/Src/stm32f1xx_hal_i2c.o"
arm-none-eabi-gcc "../Drivers/STM32F1xx_HAL_Driver/Src/stm32f1xx_hal_pwr.c" -mcpu=cortex-m3 -std=gnu11 -g3 -DDEBUG -DUSE_HAL_DRIVER -DSTM32F103xB -c -I../Core/Inc -I../Drivers/STM32F1xx_HAL_Driver/Inc -I../Drivers/STM32F1xx_HAL_Driver/Inc/Legacy -I../Drivers/CMSIS/Device/ST/STM32F1xx/Include -I../Drivers/CMSIS/Include -O0 -ffunction-sections -fdata-sections -Wall -fstack-usage -fcyclomatic-complexity -MMD -MP -MF"Drivers/STM32F1xx_HAL_Driver/Src/stm32f1xx_hal_pwr.d" -MT"Drivers/STM32F1xx_HAL_Driver/Src/stm32f1xx_hal_pwr.o" --specs=nano.specs -mfloat-abi=soft -mthumb -o "Drivers/STM32F1xx_HAL_Driver/Src/stm32f1xx_hal_pwr.o"
arm-none-eabi-gcc "../Drivers/STM32F1xx_HAL_Driver/Src/stm32f1xx_hal_rcc.c" -mcpu=cortex-m3 -std=gnu11 -g3 -DDEBUG -DUSE_HAL_DRIVER -DSTM32F103xB -c -I../Core/Inc -I../Drivers/STM32F1xx_HAL_Driver/Inc -I../Drivers/STM32F1xx_HAL_Driver/Inc/Legacy -I../Drivers/CMSIS/Device/ST/STM32F1xx/Include -I../Drivers/CMSIS/Include -O0 -ffunction-sections -fdata-sections -Wall -fstack-usage -fcyclomatic-complexity -MMD -MP -MF"Drivers/STM32F1xx_HAL_Driver/Src/stm32f1xx_hal_rcc.d" -MT"Drivers/STM32F1xx_HAL_Driver/Src/stm32f1xx_hal_rcc.o" --specs=nano.specs -mfloat-abi=soft -mthumb -o "Drivers/STM32F1xx_HAL_Driver/Src/stm32f1xx_hal_rcc.o"
arm-none-eabi-gcc "../Drivers/STM32F1xx_HAL_Driver/Src/stm32f1xx_hal_rcc_ex.c" -mcpu=cortex-m3 -std=gnu11 -g3 -DDEBUG -DUSE_HAL_DRIVER -DSTM32F103xB -c -I../Core/Inc -I../Drivers/STM32F1xx_HAL_Driver/Inc -I../Drivers/STM32F1xx_HAL_Driver/Inc/Legacy -I../Drivers/CMSIS/Device/ST/STM32F1xx/Include -I../Drivers/CMSIS/Include -O0 -ffunction-sections -fdata-sections -Wall -fstack-usage -fcyclomatic-complexity -MMD -MP -MF"Drivers/STM32F1xx_HAL_Driver/Src/stm32f1xx_hal_rcc_ex.d" -MT"Drivers/STM32F1xx_HAL_Driver/Src/stm32f1xx_hal_rcc_ex.o" --specs=nano.specs -mfloat-abi=soft -mthumb -o "Drivers/STM32F1xx_HAL_Driver/Src/stm32f1xx_hal_rcc_ex.o"
arm-none-eabi-gcc "../Drivers/STM32F1xx_HAL_Driver/Src/stm32f1xx_hal_spi.c" -mcpu=cortex-m3 -std=gnu11 -g3 -DDEBUG -DUSE_HAL_DRIVER -DSTM32F103xB -c -I../Core/Inc -I../Drivers/STM32F1xx_HAL_Driver/Inc -I../Drivers/STM32F1xx_HAL_Driver/Inc/Legacy -I../Drivers/CMSIS/Device/ST/STM32F1xx/Include -I../Drivers/CMSIS/Include -O0 -ffunction-sections -fdata-sections -Wall -fstack-usage -fcyclomatic-complexity -MMD -MP -MF"Drivers/STM32F1xx_HAL_Driver/Src/stm32f1xx_hal_spi.d" -MT"Drivers/STM32F1xx_HAL_Driver/Src/stm32f1xx_hal_spi.o" --specs=nano.specs -mfloat-abi=soft -mthumb -o "Drivers/STM32F1xx_HAL_Driver/Src/stm32f1xx_hal_spi.o"
arm-none-eabi-gcc "../Drivers/STM32F1xx_HAL_Driver/Src/stm32f1xx_hal_uart.c" -mcpu=cortex-m3 -std=gnu11 -g3 -DDEBUG -DUSE_HAL_DRIVER -DSTM32F103xB -c -I../Core/Inc -I../Drivers/STM32F1xx_HAL_Driver/Inc -I../Drivers/STM32F1xx_HAL_Driver/Inc/Legacy -I../Drivers/CMSIS/Device/ST/STM32F1xx/Include -I../Drivers/CMSIS/Include -O0 -ffunction-sections -fdata-sections -Wall -fstack-usage -fcyclomatic-complexity -MMD -MP -MF"Drivers/STM32F1xx_HAL_Driver/Src/stm32f1xx_hal_uart.d" -MT"Drivers/STM32F1xx_HAL_Driver/Src/stm32f1xx_hal_uart.o" --specs=nano.specs -mfloat-abi=soft -mthumb -o "Drivers/STM32F1xx_HAL_Driver/Src/stm32f1xx_hal_uart.o"
arm-none-eabi-gcc -mcpu=cortex-m3 -g3 -DDEBUG -c -x assembler-with-cpp -MMD -MP -MF"Core/Startup/startup_stm32f103c8tx.d" -MT"Core/Startup/startup_stm32f103c8tx.o" --specs=nano.specs -mfloat-abi=soft -mthumb -o "Core/Startup/startup_stm32f103c8tx.o" "../Core/Startup/startup_stm32f103c8tx.s"
arm-none-eabi-gcc "../Core/Src/main.c" -mcpu=cortex-m3 -std=gnu11 -g3 -DDEBUG -DUSE_HAL_DRIVER -DSTM32F103xB -c -I../Core/Inc -I../Drivers/STM32F1xx_HAL_Driver/Inc -I../Drivers/STM32F1xx_HAL_Driver/Inc/Legacy -I../Drivers/CMSIS/Device/ST/STM32F1xx/Include -I../Drivers/CMSIS/Include -O0 -ffunction-sections -fdata-sections -Wall -fstack-usage -fcyclomatic-complexity -MMD -MP -MF"Core/Src/main.d" -MT"Core/Src/main.o" --specs=nano.specs -mfloat-abi=soft -mthumb -o "Core/Src/main.o"
arm-none-eabi-gcc "../Core/Src/stm32f1xx_hal_msp.c" -mcpu=cortex-m3 -std=gnu11 -g3 -DDEBUG -DUSE_HAL_DRIVER -DSTM32F103xB -c -I../Core/Inc -I../Drivers/STM32F1xx_HAL_Driver/Inc -I../Drivers/STM32F1xx_HAL_Driver/Inc/Legacy -I../Drivers/CMSIS/Device/ST/STM32F1xx/Include -I../Drivers/CMSIS/Include -O0 -ffunction-sections -fdata-sections -Wall -fstack-usage -fcyclomatic-complexity -MMD -MP -MF"Core/Src/stm32f1xx_hal_msp.d" -MT"Core/Src/stm32f1xx_hal_msp.o" --specs=nano.specs -mfloat-abi=soft -mthumb -o "Core/Src/stm32f1xx_hal_msp.o"
arm-none-eabi-gcc "../Core/Src/stm32f1xx_it.c" -mcpu=cortex-m3 -std=gnu11 -g3 -DDEBUG -DUSE_HAL_DRIVER -DSTM32F103xB -c -I../Core/Inc -I../Drivers/STM32F1xx_HAL_Driver/Inc -I../Drivers/STM32F1xx_HAL_Driver/Inc/Legacy -I../Drivers/CMSIS/Device/ST/STM32F1xx/Include -I../Drivers/CMSIS/Include -O0 -ffunction-sections -fdata-sections -Wall -fstack-usage -fcyclomatic-complexity -MMD -MP -MF"Core/Src/stm32f1xx_it.d" -MT"Core/Src/stm32f1xx_it.o" --specs=nano.specs -mfloat-abi=soft -mthumb -o "Core/Src/stm32f1xx_it.o"
arm-none-eabi-gcc "../Core/Src/syscalls.c" -mcpu=cortex-m3 -std=gnu11 -g3 -DDEBUG -DUSE_HAL_DRIVER -DSTM32F103xB -c -I../Core/Inc -I../Drivers/STM32F1xx_HAL_Driver/Inc -I../Drivers/STM32F1xx_HAL_Driver/Inc/Legacy -I../Drivers/CMSIS/Device/ST/STM32F1xx/Include -I../Drivers/CMSIS/Include -O0 -ffunction-sections -fdata-sections -Wall -fstack-usage -fcyclomatic-complexity -MMD -MP -MF"Core/Src/syscalls.d" -MT"Core/Src/syscalls.o" --specs=nano.specs -mfloat-abi=soft -mthumb -o "Core/Src/syscalls.o"
arm-none-eabi-gcc "../Core/Src/sysmem.c" -mcpu=cortex-m3 -std=gnu11 -g3 -DDEBUG -DUSE_HAL_DRIVER -DSTM32F103xB -c -I../Core/Inc -I../Drivers/STM32F1xx_HAL_Driver/Inc -I../Drivers/STM32F1xx_HAL_Driver/Inc/Legacy -I../Drivers/CMSIS/Device/ST/STM32F1xx/Include -I../Drivers/CMSIS/Include -O0 -ffunction-sections -fdata-sections -Wall -fstack-usage -fcyclomatic-complexity -MMD -MP -MF"Core/Src/sysmem.d" -MT"Core/Src/sysmem.o" --specs=nano.specs -mfloat-abi=soft -mthumb -o "Core/Src/sysmem.o"
arm-none-eabi-gcc "../Core/Src/system_stm32f1xx.c" -mcpu=cortex-m3 -std=gnu11 -g3 -DDEBUG -DUSE_HAL_DRIVER -DSTM32F103xB -c -I../Core/Inc -I../Drivers/STM32F1xx_HAL_Driver/Inc -I../Drivers/STM32F1xx_HAL_Driver/Inc/Legacy -I../Drivers/CMSIS/Device/ST/STM32F1xx/Include -I../Drivers/CMSIS/Include -O0 -ffunction-sections -fdata-sections -Wall -fstack-usage -fcyclomatic-complexity -MMD -MP -MF"Core/Src/system_stm32f1xx.d" -MT"Core/Src/system_stm32f1xx.o" --specs=nano.specs -mfloat-abi=soft -mthumb -o "Core/Src/system_stm32f1xx.o"
arm-none-eabi-gcc -o "firmware.elf" @"objects.list"   -mcpu=cortex-m3 -T"C:\Users\Saleh work and edu\Desktop\Saleh Uni\sem 7\senior year project\Flight Controller\Test_Board\firmware\STM32F103C8TX_FLASH.ld" --specs=nosys.specs -Wl,-Map="firmware.map" -Wl,--gc-sections -static --specs=nano.specs -mfloat-abi=soft -mthumb -Wl,--start-group -lc -lm -Wl,--end-group
Finished building target: firmware.elf
 
arm-none-eabi-size  firmware.elf 
arm-none-eabi-objdump -h -S firmware.elf  > "firmware.list"
   text	   data	    bss	    dec	    hex	filename
   7420	     12	   2060	   9492	   2514	firmware.elf
Finished building: default.size.stdout
 
Finished building: firmware.list
 
11:48:14 **** Incremental Build of configuration Debug for project firmware ****
make -j32 all 
arm-none-eabi-size  firmware.elf 
   text	   data	    bss	    dec	    hex	filename
   7420	     12	   2060	   9492	   2514	firmware.elf
Finished building: default.size.stdout
 
11:48:20 **** Incremental Build of configuration Debug for project firmware ****
make -j32 all 
arm-none-eabi-size  firmware.elf 
   text	   data	    bss	    dec	    hex	filename
   7420	     12	   2060	   9492	   2514	firmware.elf
Finished building: default.size.stdout
 
11:48:27 **** Incremental Build of configuration Debug for project firmware ****
make -j32 all 
arm-none-eabi-size  firmware.elf 
   text	   data	    bss	    dec	    hex	filename
   7420	     12	   2060	   9492	   2514	firmware.elf
Finished building: default.size.stdout
 
14:27:25 **** Incremental Build of configuration Debug for project firmware ****
make -j32 all 
arm-none-eabi-gcc "../Core/Src/ICM-42688p.c" -mcpu=cortex-m3 -std=gnu11 -g3 -DDEBUG -DUSE_HAL_DRIVER -DSTM32F103xB -c -I../Core/Inc -I../Drivers/STM32F1xx_HAL_Driver/Inc -I../Drivers/STM32F1xx_HAL_Driver/Inc/Legacy -I../Drivers/CMSIS/Device/ST/STM32F1xx/Include -I../Drivers/CMSIS/Include -O0 -ffunction-sections -fdata-sections -Wall -fstack-usage -fcyclomatic-complexity -MMD -MP -MF"Core/Src/ICM-42688p.d" -MT"Core/Src/ICM-42688p.o" --specs=nano.specs -mfloat-abi=soft -mthumb -o "Core/Src/ICM-42688p.o"
arm-none-eabi-gcc "../Core/Src/main.c" -mcpu=cortex-m3 -std=gnu11 -g3 -DDEBUG -DUSE_HAL_DRIVER -DSTM32F103xB -c -I../Core/Inc -I../Drivers/STM32F1xx_HAL_Driver/Inc -I../Drivers/STM32F1xx_HAL_Driver/Inc/Legacy -I../Drivers/CMSIS/Device/ST/STM32F1xx/Include -I../Drivers/CMSIS/Include -O0 -ffunction-sections -fdata-sections -Wall -fstack-usage -fcyclomatic-complexity -MMD -MP -MF"Core/Src/main.d" -MT"Core/Src/main.o" --specs=nano.specs -mfloat-abi=soft -mthumb -o "Core/Src/main.o"
arm-none-eabi-gcc "../Core/Src/stm32f1xx_hal_msp.c" -mcpu=cortex-m3 -std=gnu11 -g3 -DDEBUG -DUSE_HAL_DRIVER -DSTM32F103xB -c -I../Core/Inc -I../Drivers/STM32F1xx_HAL_Driver/Inc -I../Drivers/STM32F1xx_HAL_Driver/Inc/Legacy -I../Drivers/CMSIS/Device/ST/STM32F1xx/Include -I../Drivers/CMSIS/Include -O0 -ffunction-sections -fdata-sections -Wall -fstack-usage -fcyclomatic-complexity -MMD -MP -MF"Core/Src/stm32f1xx_hal_msp.d" -MT"Core/Src/stm32f1xx_hal_msp.o" --specs=nano.specs -mfloat-abi=soft -mthumb -o "Core/Src/stm32f1xx_hal_msp.o"
arm-none-eabi-gcc "../Core/Src/stm32f1xx_it.c" -mcpu=cortex-m3 -std=gnu11 -g3 -DDEBUG -DUSE_HAL_DRIVER -DSTM32F103xB -c -I../Core/Inc -I../Drivers/STM32F1xx_HAL_Driver/Inc -I../Drivers/STM32F1xx_HAL_Driver/Inc/Legacy -I../Drivers/CMSIS/Device/ST/STM32F1xx/Include -I../Drivers/CMSIS/Include -O0 -ffunction-sections -fdata-sections -Wall -fstack-usage -fcyclomatic-complexity -MMD -MP -MF"Core/Src/stm32f1xx_it.d" -MT"Core/Src/stm32f1xx_it.o" --specs=nano.specs -mfloat-abi=soft -mthumb -o "Core/Src/stm32f1xx_it.o"
arm-none-eabi-gcc "../Core/Src/syscalls.c" -mcpu=cortex-m3 -std=gnu11 -g3 -DDEBUG -DUSE_HAL_DRIVER -DSTM32F103xB -c -I../Core/Inc -I../Drivers/STM32F1xx_HAL_Driver/Inc -I../Drivers/STM32F1xx_HAL_Driver/Inc/Legacy -I../Drivers/CMSIS/Device/ST/STM32F1xx/Include -I../Drivers/CMSIS/Include -O0 -ffunction-sections -fdata-sections -Wall -fstack-usage -fcyclomatic-complexity -MMD -MP -MF"Core/Src/syscalls.d" -MT"Core/Src/syscalls.o" --specs=nano.specs -mfloat-abi=soft -mthumb -o "Core/Src/syscalls.o"
arm-none-eabi-gcc "../Core/Src/sysmem.c" -mcpu=cortex-m3 -std=gnu11 -g3 -DDEBUG -DUSE_HAL_DRIVER -DSTM32F103xB -c -I../Core/Inc -I../Drivers/STM32F1xx_HAL_Driver/Inc -I../Drivers/STM32F1xx_HAL_Driver/Inc/Legacy -I../Drivers/CMSIS/Device/ST/STM32F1xx/Include -I../Drivers/CMSIS/Include -O0 -ffunction-sections -fdata-sections -Wall -fstack-usage -fcyclomatic-complexity -MMD -MP -MF"Core/Src/sysmem.d" -MT"Core/Src/sysmem.o" --specs=nano.specs -mfloat-abi=soft -mthumb -o "Core/Src/sysmem.o"
arm-none-eabi-gcc "../Core/Src/system_stm32f1xx.c" -mcpu=cortex-m3 -std=gnu11 -g3 -DDEBUG -DUSE_HAL_DRIVER -DSTM32F103xB -c -I../Core/Inc -I../Drivers/STM32F1xx_HAL_Driver/Inc -I../Drivers/STM32F1xx_HAL_Driver/Inc/Legacy -I../Drivers/CMSIS/Device/ST/STM32F1xx/Include -I../Drivers/CMSIS/Include -O0 -ffunction-sections -fdata-sections -Wall -fstack-usage -fcyclomatic-complexity -MMD -MP -MF"Core/Src/system_stm32f1xx.d" -MT"Core/Src/system_stm32f1xx.o" --specs=nano.specs -mfloat-abi=soft -mthumb -o "Core/Src/system_stm32f1xx.o"
../Core/Src/main.c:26:10: error: unknown type name 'ICM42688P_Status_t'
   26 | volatile ICM42688P_Status_t imu_status = ICM42688P_ERR_ID;
      |          ^~~~~~~~~~~~~~~~~~
../Core/Src/main.c:26:42: error: 'ICM42688P_ERR_ID' undeclared here (not in a function)
   26 | volatile ICM42688P_Status_t imu_status = ICM42688P_ERR_ID;
      |                                          ^~~~~~~~~~~~~~~~
../Core/Src/main.c:27:10: error: unknown type name 'ICM42688P_Data_t'
   27 | volatile ICM42688P_Data_t imu_data = {0};
      |          ^~~~~~~~~~~~~~~~
../Core/Src/main.c: In function 'main':
../Core/Src/main.c:104:18: warning: implicit declaration of function 'ICM42688P_ReadID' [-Wimplicit-function-declaration]
  104 |     imu_status = ICM42688P_ReadID(&hspi2, (uint8_t*)&device_id);
      |                  ^~~~~~~~~~~~~~~~
../Core/Src/main.c:110:22: error: 'ICM42688P_WHO_AM_I_VAL' undeclared (first use in this function)
  110 |     if (device_id != ICM42688P_WHO_AM_I_VAL) {
      |                      ^~~~~~~~~~~~~~~~~~~~~~
../Core/Src/main.c:110:22: note: each undeclared identifier is reported only once for each function it appears in
../Core/Src/main.c:124:18: warning: implicit declaration of function 'ICM42688P_Init' [-Wimplicit-function-declaration]
  124 |     imu_status = ICM42688P_Init(&hspi2);
      |                  ^~~~~~~~~~~~~~
../Core/Src/main.c:126:23: error: 'ICM42688P_OK' undeclared (first use in this function)
  126 |     if (imu_status != ICM42688P_OK) {
      |                       ^~~~~~~~~~~~
../Core/Src/main.c:141:22: warning: implicit declaration of function 'ICM42688P_ReadAll' [-Wimplicit-function-declaration]
  141 |         imu_status = ICM42688P_ReadAll(&hspi2, (ICM42688P_Data_t*)&imu_data);
      |                      ^~~~~~~~~~~~~~~~~
../Core/Src/main.c:141:49: error: 'ICM42688P_Data_t' undeclared (first use in this function)
  141 |         imu_status = ICM42688P_ReadAll(&hspi2, (ICM42688P_Data_t*)&imu_data);
      |                                                 ^~~~~~~~~~~~~~~~
../Core/Src/main.c:141:66: error: expected expression before ')' token
  141 |         imu_status = ICM42688P_ReadAll(&hspi2, (ICM42688P_Data_t*)&imu_data);
      |                                                                  ^
../Core/Src/main.c: At top level:
../Core/Src/main.c:384:13: warning: 'MX_USART2_UART_Init' defined but not used [-Wunused-function]
  384 | static void MX_USART2_UART_Init(void)
      |             ^~~~~~~~~~~~~~~~~~~
../Core/Src/main.c:351:13: warning: 'MX_USART1_UART_Init' defined but not used [-Wunused-function]
  351 | static void MX_USART1_UART_Init(void)
      |             ^~~~~~~~~~~~~~~~~~~
../Core/Src/main.c:275:13: warning: 'MX_SPI1_Init' defined but not used [-Wunused-function]
  275 | static void MX_SPI1_Init(void)
      |             ^~~~~~~~~~~~
../Core/Src/main.c:241:13: warning: 'MX_I2C2_Init' defined but not used [-Wunused-function]
  241 | static void MX_I2C2_Init(void)
      |             ^~~~~~~~~~~~
../Core/Src/main.c:207:13: warning: 'MX_I2C1_Init' defined but not used [-Wunused-function]
  207 | static void MX_I2C1_Init(void)
      |             ^~~~~~~~~~~~
make: *** [Core/Src/subdir.mk:37: Core/Src/main.o] Error 1
make: *** Waiting for unfinished jobs....
"make -j32 all" terminated with exit code 2. Build might be incomplete.
14:27:42 **** Incremental Build of configuration Debug for project firmware ****
make -j32 all 
arm-none-eabi-gcc "../Core/Src/main.c" -mcpu=cortex-m3 -std=gnu11 -g3 -DDEBUG -DUSE_HAL_DRIVER -DSTM32F103xB -c -I../Core/Inc -I../Drivers/STM32F1xx_HAL_Driver/Inc -I../Drivers/STM32F1xx_HAL_Driver/Inc/Legacy -I../Drivers/CMSIS/Device/ST/STM32F1xx/Include -I../Drivers/CMSIS/Include -O0 -ffunction-sections -fdata-sections -Wall -fstack-usage -fcyclomatic-complexity -MMD -MP -MF"Core/Src/main.d" -MT"Core/Src/main.o" --specs=nano.specs -mfloat-abi=soft -mthumb -o "Core/Src/main.o"
../Core/Src/main.c:26:10: error: unknown type name 'ICM42688P_Status_t'
   26 | volatile ICM42688P_Status_t imu_status = ICM42688P_ERR_ID;
      |          ^~~~~~~~~~~~~~~~~~
../Core/Src/main.c:26:42: error: 'ICM42688P_ERR_ID' undeclared here (not in a function)
   26 | volatile ICM42688P_Status_t imu_status = ICM42688P_ERR_ID;
      |                                          ^~~~~~~~~~~~~~~~
../Core/Src/main.c:27:10: error: unknown type name 'ICM42688P_Data_t'
   27 | volatile ICM42688P_Data_t imu_data = {0};
      |          ^~~~~~~~~~~~~~~~
../Core/Src/main.c: In function 'main':
../Core/Src/main.c:104:18: warning: implicit declaration of function 'ICM42688P_ReadID' [-Wimplicit-function-declaration]
  104 |     imu_status = ICM42688P_ReadID(&hspi2, (uint8_t*)&device_id);
      |                  ^~~~~~~~~~~~~~~~
../Core/Src/main.c:110:22: error: 'ICM42688P_WHO_AM_I_VAL' undeclared (first use in this function)
  110 |     if (device_id != ICM42688P_WHO_AM_I_VAL) {
      |                      ^~~~~~~~~~~~~~~~~~~~~~
../Core/Src/main.c:110:22: note: each undeclared identifier is reported only once for each function it appears in
../Core/Src/main.c:124:18: warning: implicit declaration of function 'ICM42688P_Init' [-Wimplicit-function-declaration]
  124 |     imu_status = ICM42688P_Init(&hspi2);
      |                  ^~~~~~~~~~~~~~
../Core/Src/main.c:126:23: error: 'ICM42688P_OK' undeclared (first use in this function)
  126 |     if (imu_status != ICM42688P_OK) {
      |                       ^~~~~~~~~~~~
../Core/Src/main.c:141:22: warning: implicit declaration of function 'ICM42688P_ReadAll' [-Wimplicit-function-declaration]
  141 |         imu_status = ICM42688P_ReadAll(&hspi2, (ICM42688P_Data_t*)&imu_data);
      |                      ^~~~~~~~~~~~~~~~~
../Core/Src/main.c:141:49: error: 'ICM42688P_Data_t' undeclared (first use in this function)
  141 |         imu_status = ICM42688P_ReadAll(&hspi2, (ICM42688P_Data_t*)&imu_data);
      |                                                 ^~~~~~~~~~~~~~~~
../Core/Src/main.c:141:66: error: expected expression before ')' token
  141 |         imu_status = ICM42688P_ReadAll(&hspi2, (ICM42688P_Data_t*)&imu_data);
      |                                                                  ^
../Core/Src/main.c: At top level:
../Core/Src/main.c:384:13: warning: 'MX_USART2_UART_Init' defined but not used [-Wunused-function]
  384 | static void MX_USART2_UART_Init(void)
      |             ^~~~~~~~~~~~~~~~~~~
../Core/Src/main.c:351:13: warning: 'MX_USART1_UART_Init' defined but not used [-Wunused-function]
  351 | static void MX_USART1_UART_Init(void)
      |             ^~~~~~~~~~~~~~~~~~~
../Core/Src/main.c:275:13: warning: 'MX_SPI1_Init' defined but not used [-Wunused-function]
  275 | static void MX_SPI1_Init(void)
      |             ^~~~~~~~~~~~
../Core/Src/main.c:241:13: warning: 'MX_I2C2_Init' defined but not used [-Wunused-function]
  241 | static void MX_I2C2_Init(void)
      |             ^~~~~~~~~~~~
../Core/Src/main.c:207:13: warning: 'MX_I2C1_Init' defined but not used [-Wunused-function]
  207 | static void MX_I2C1_Init(void)
      |             ^~~~~~~~~~~~
make: *** [Core/Src/subdir.mk:37: Core/Src/main.o] Error 1
"make -j32 all" terminated with exit code 2. Build might be incomplete.
14:28:09 **** Incremental Build of configuration Debug for project firmware ****
make -j32 all 
arm-none-eabi-gcc "../Core/Src/main.c" -mcpu=cortex-m3 -std=gnu11 -g3 -DDEBUG -DUSE_HAL_DRIVER -DSTM32F103xB -c -I../Core/Inc -I../Drivers/STM32F1xx_HAL_Driver/Inc -I../Drivers/STM32F1xx_HAL_Driver/Inc/Legacy -I../Drivers/CMSIS/Device/ST/STM32F1xx/Include -I../Drivers/CMSIS/Include -O0 -ffunction-sections -fdata-sections -Wall -fstack-usage -fcyclomatic-complexity -MMD -MP -MF"Core/Src/main.d" -MT"Core/Src/main.o" --specs=nano.specs -mfloat-abi=soft -mthumb -o "Core/Src/main.o"
../Core/Src/main.c:384:13: warning: 'MX_USART2_UART_Init' defined but not used [-Wunused-function]
  384 | static void MX_USART2_UART_Init(void)
      |             ^~~~~~~~~~~~~~~~~~~
../Core/Src/main.c:351:13: warning: 'MX_USART1_UART_Init' defined but not used [-Wunused-function]
  351 | static void MX_USART1_UART_Init(void)
      |             ^~~~~~~~~~~~~~~~~~~
../Core/Src/main.c:275:13: warning: 'MX_SPI1_Init' defined but not used [-Wunused-function]
  275 | static void MX_SPI1_Init(void)
      |             ^~~~~~~~~~~~
../Core/Src/main.c:241:13: warning: 'MX_I2C2_Init' defined but not used [-Wunused-function]
  241 | static void MX_I2C2_Init(void)
      |             ^~~~~~~~~~~~
../Core/Src/main.c:207:13: warning: 'MX_I2C1_Init' defined but not used [-Wunused-function]
  207 | static void MX_I2C1_Init(void)
      |             ^~~~~~~~~~~~
arm-none-eabi-gcc -o "firmware.elf" @"objects.list"   -mcpu=cortex-m3 -T"C:\Users\Saleh work and edu\Desktop\Saleh Uni\sem 7\senior year project\Flight Controller\Test_Board\firmware\STM32F103C8TX_FLASH.ld" --specs=nosys.specs -Wl,-Map="firmware.map" -Wl,--gc-sections -static --specs=nano.specs -mfloat-abi=soft -mthumb -Wl,--start-group -lc -lm -Wl,--end-group
Finished building target: firmware.elf
 
arm-none-eabi-size  firmware.elf 
arm-none-eabi-objdump -h -S firmware.elf  > "firmware.list"
   text	   data	    bss	    dec	    hex	filename
  10284	     16	   1712	  12012	   2eec	firmware.elf
Finished building: default.size.stdout
 
Finished building: firmware.list
 
14:41:33 **** Incremental Build of configuration Debug for project firmware ****
make -j32 all 
arm-none-eabi-gcc "../Core/Src/ICM-42688p.c" -mcpu=cortex-m3 -std=gnu11 -g3 -DDEBUG -DUSE_HAL_DRIVER -DSTM32F103xB -c -I../Core/Inc -I../Drivers/STM32F1xx_HAL_Driver/Inc -I../Drivers/STM32F1xx_HAL_Driver/Inc/Legacy -I../Drivers/CMSIS/Device/ST/STM32F1xx/Include -I../Drivers/CMSIS/Include -O0 -ffunction-sections -fdata-sections -Wall -fstack-usage -fcyclomatic-complexity -MMD -MP -MF"Core/Src/ICM-42688p.d" -MT"Core/Src/ICM-42688p.o" --specs=nano.specs -mfloat-abi=soft -mthumb -o "Core/Src/ICM-42688p.o"
arm-none-eabi-gcc "../Core/Src/bmi270.c" -mcpu=cortex-m3 -std=gnu11 -g3 -DDEBUG -DUSE_HAL_DRIVER -DSTM32F103xB -c -I../Core/Inc -I../Drivers/STM32F1xx_HAL_Driver/Inc -I../Drivers/STM32F1xx_HAL_Driver/Inc/Legacy -I../Drivers/CMSIS/Device/ST/STM32F1xx/Include -I../Drivers/CMSIS/Include -O0 -ffunction-sections -fdata-sections -Wall -fstack-usage -fcyclomatic-complexity -MMD -MP -MF"Core/Src/bmi270.d" -MT"Core/Src/bmi270.o" --specs=nano.specs -mfloat-abi=soft -mthumb -o "Core/Src/bmi270.o"
arm-none-eabi-gcc "../Core/Src/main.c" -mcpu=cortex-m3 -std=gnu11 -g3 -DDEBUG -DUSE_HAL_DRIVER -DSTM32F103xB -c -I../Core/Inc -I../Drivers/STM32F1xx_HAL_Driver/Inc -I../Drivers/STM32F1xx_HAL_Driver/Inc/Legacy -I../Drivers/CMSIS/Device/ST/STM32F1xx/Include -I../Drivers/CMSIS/Include -O0 -ffunction-sections -fdata-sections -Wall -fstack-usage -fcyclomatic-complexity -MMD -MP -MF"Core/Src/main.d" -MT"Core/Src/main.o" --specs=nano.specs -mfloat-abi=soft -mthumb -o "Core/Src/main.o"
arm-none-eabi-gcc "../Core/Src/stm32f1xx_hal_msp.c" -mcpu=cortex-m3 -std=gnu11 -g3 -DDEBUG -DUSE_HAL_DRIVER -DSTM32F103xB -c -I../Core/Inc -I../Drivers/STM32F1xx_HAL_Driver/Inc -I../Drivers/STM32F1xx_HAL_Driver/Inc/Legacy -I../Drivers/CMSIS/Device/ST/STM32F1xx/Include -I../Drivers/CMSIS/Include -O0 -ffunction-sections -fdata-sections -Wall -fstack-usage -fcyclomatic-complexity -MMD -MP -MF"Core/Src/stm32f1xx_hal_msp.d" -MT"Core/Src/stm32f1xx_hal_msp.o" --specs=nano.specs -mfloat-abi=soft -mthumb -o "Core/Src/stm32f1xx_hal_msp.o"
arm-none-eabi-gcc "../Core/Src/stm32f1xx_it.c" -mcpu=cortex-m3 -std=gnu11 -g3 -DDEBUG -DUSE_HAL_DRIVER -DSTM32F103xB -c -I../Core/Inc -I../Drivers/STM32F1xx_HAL_Driver/Inc -I../Drivers/STM32F1xx_HAL_Driver/Inc/Legacy -I../Drivers/CMSIS/Device/ST/STM32F1xx/Include -I../Drivers/CMSIS/Include -O0 -ffunction-sections -fdata-sections -Wall -fstack-usage -fcyclomatic-complexity -MMD -MP -MF"Core/Src/stm32f1xx_it.d" -MT"Core/Src/stm32f1xx_it.o" --specs=nano.specs -mfloat-abi=soft -mthumb -o "Core/Src/stm32f1xx_it.o"
arm-none-eabi-gcc "../Core/Src/syscalls.c" -mcpu=cortex-m3 -std=gnu11 -g3 -DDEBUG -DUSE_HAL_DRIVER -DSTM32F103xB -c -I../Core/Inc -I../Drivers/STM32F1xx_HAL_Driver/Inc -I../Drivers/STM32F1xx_HAL_Driver/Inc/Legacy -I../Drivers/CMSIS/Device/ST/STM32F1xx/Include -I../Drivers/CMSIS/Include -O0 -ffunction-sections -fdata-sections -Wall -fstack-usage -fcyclomatic-complexity -MMD -MP -MF"Core/Src/syscalls.d" -MT"Core/Src/syscalls.o" --specs=nano.specs -mfloat-abi=soft -mthumb -o "Core/Src/syscalls.o"
arm-none-eabi-gcc "../Core/Src/sysmem.c" -mcpu=cortex-m3 -std=gnu11 -g3 -DDEBUG -DUSE_HAL_DRIVER -DSTM32F103xB -c -I../Core/Inc -I../Drivers/STM32F1xx_HAL_Driver/Inc -I../Drivers/STM32F1xx_HAL_Driver/Inc/Legacy -I../Drivers/CMSIS/Device/ST/STM32F1xx/Include -I../Drivers/CMSIS/Include -O0 -ffunction-sections -fdata-sections -Wall -fstack-usage -fcyclomatic-complexity -MMD -MP -MF"Core/Src/sysmem.d" -MT"Core/Src/sysmem.o" --specs=nano.specs -mfloat-abi=soft -mthumb -o "Core/Src/sysmem.o"
arm-none-eabi-gcc "../Core/Src/system_stm32f1xx.c" -mcpu=cortex-m3 -std=gnu11 -g3 -DDEBUG -DUSE_HAL_DRIVER -DSTM32F103xB -c -I../Core/Inc -I../Drivers/STM32F1xx_HAL_Driver/Inc -I../Drivers/STM32F1xx_HAL_Driver/Inc/Legacy -I../Drivers/CMSIS/Device/ST/STM32F1xx/Include -I../Drivers/CMSIS/Include -O0 -ffunction-sections -fdata-sections -Wall -fstack-usage -fcyclomatic-complexity -MMD -MP -MF"Core/Src/system_stm32f1xx.d" -MT"Core/Src/system_stm32f1xx.o" --specs=nano.specs -mfloat-abi=soft -mthumb -o "Core/Src/system_stm32f1xx.o"
arm-none-eabi-gcc -o "firmware.elf" @"objects.list"   -mcpu=cortex-m3 -T"C:\Users\Saleh work and edu\Desktop\Saleh Uni\sem 7\senior year project\Flight Controller\Test_Board\firmware\STM32F103C8TX_FLASH.ld" --specs=nosys.specs -Wl,-Map="firmware.map" -Wl,--gc-sections -static --specs=nano.specs -mfloat-abi=soft -mthumb -Wl,--start-group -lc -lm -Wl,--end-group
Finished building target: firmware.elf
 
arm-none-eabi-size  firmware.elf 
arm-none-eabi-objdump -h -S firmware.elf  > "firmware.list"
   text	   data	    bss	    dec	    hex	filename
  14352	     16	   2152	  16520	   4088	firmware.elf
Finished building: default.size.stdout
 
Finished building: firmware.list
 
14:42:14 **** Incremental Build of configuration Debug for project firmware ****
make -j32 all 
arm-none-eabi-size  firmware.elf 
   text	   data	    bss	    dec	    hex	filename
  14352	     16	   2152	  16520	   4088	firmware.elf
Finished building: default.size.stdout
 
14:43:23 **** Incremental Build of configuration Debug for project firmware ****
make -j32 all 
arm-none-eabi-size  firmware.elf 
   text	   data	    bss	    dec	    hex	filename
  14352	     16	   2152	  16520	   4088	firmware.elf
Finished building: default.size.stdout
 
14:50:55 **** Incremental Build of configuration Debug for project firmware ****
make -j32 all 
arm-none-eabi-size  firmware.elf 
   text	   data	    bss	    dec	    hex	filename
  14352	     16	   2152	  16520	   4088	firmware.elf
Finished building: default.size.stdout
 
14:57:09 **** Incremental Build of configuration Debug for project firmware ****
make -j32 all 
arm-none-eabi-gcc "../Core/Src/main.c" -mcpu=cortex-m3 -std=gnu11 -g3 -DDEBUG -DUSE_HAL_DRIVER -DSTM32F103xB -c -I../Core/Inc -I../Drivers/STM32F1xx_HAL_Driver/Inc -I../Drivers/STM32F1xx_HAL_Driver/Inc/Legacy -I../Drivers/CMSIS/Device/ST/STM32F1xx/Include -I../Drivers/CMSIS/Include -O0 -ffunction-sections -fdata-sections -Wall -fstack-usage -fcyclomatic-complexity -MMD -MP -MF"Core/Src/main.d" -MT"Core/Src/main.o" --specs=nano.specs -mfloat-abi=soft -mthumb -o "Core/Src/main.o"
arm-none-eabi-gcc -o "firmware.elf" @"objects.list"   -mcpu=cortex-m3 -T"C:\Users\Saleh work and edu\Desktop\Saleh Uni\sem 7\senior year project\Flight Controller\Test_Board\firmware\STM32F103C8TX_FLASH.ld" --specs=nosys.specs -Wl,-Map="firmware.map" -Wl,--gc-sections -static --specs=nano.specs -mfloat-abi=soft -mthumb -Wl,--start-group -lc -lm -Wl,--end-group
Finished building target: firmware.elf
 
arm-none-eabi-size  firmware.elf 
arm-none-eabi-objdump -h -S firmware.elf  > "firmware.list"
   text	   data	    bss	    dec	    hex	filename
  13272	     16	   2104	  15392	   3c20	firmware.elf
Finished building: default.size.stdout
 
Finished building: firmware.list
 
14:59:22 **** Incremental Build of configuration Debug for project firmware ****
make -j32 all 
arm-none-eabi-size  firmware.elf 
   text	   data	    bss	    dec	    hex	filename
  13272	     16	   2104	  15392	   3c20	firmware.elf
Finished building: default.size.stdout
 
15:01:44 **** Incremental Build of configuration Debug for project firmware ****
make -j32 all 
arm-none-eabi-gcc "../Core/Src/main.c" -mcpu=cortex-m3 -std=gnu11 -g3 -DDEBUG -DUSE_HAL_DRIVER -DSTM32F103xB -c -I../Core/Inc -I../Drivers/STM32F1xx_HAL_Driver/Inc -I../Drivers/STM32F1xx_HAL_Driver/Inc/Legacy -I../Drivers/CMSIS/Device/ST/STM32F1xx/Include -I../Drivers/CMSIS/Include -O0 -ffunction-sections -fdata-sections -Wall -fstack-usage -fcyclomatic-complexity -MMD -MP -MF"Core/Src/main.d" -MT"Core/Src/main.o" --specs=nano.specs -mfloat-abi=soft -mthumb -o "Core/Src/main.o"
arm-none-eabi-gcc -o "firmware.elf" @"objects.list"   -mcpu=cortex-m3 -T"C:\Users\Saleh work and edu\Desktop\Saleh Uni\sem 7\senior year project\Flight Controller\Test_Board\firmware\STM32F103C8TX_FLASH.ld" --specs=nosys.specs -Wl,-Map="firmware.map" -Wl,--gc-sections -static --specs=nano.specs -mfloat-abi=soft -mthumb -Wl,--start-group -lc -lm -Wl,--end-group
Finished building target: firmware.elf
 
arm-none-eabi-size  firmware.elf 
arm-none-eabi-objdump -h -S firmware.elf  > "firmware.list"
   text	   data	    bss	    dec	    hex	filename
  13328	     16	   2104	  15448	   3c58	firmware.elf
Finished building: default.size.stdout
 
Finished building: firmware.list
 
15:23:31 **** Incremental Build of configuration Debug for project firmware ****
make -j32 all 
arm-none-eabi-size  firmware.elf 
   text	   data	    bss	    dec	    hex	filename
  13328	     16	   2104	  15448	   3c58	firmware.elf
Finished building: default.size.stdout
 
15:24:55 **** Incremental Build of configuration Debug for project firmware ****
make -j32 all 
arm-none-eabi-gcc "../Core/Src/main.c" -mcpu=cortex-m3 -std=gnu11 -g3 -DDEBUG -DUSE_HAL_DRIVER -DSTM32F103xB -c -I../Core/Inc -I../Drivers/STM32F1xx_HAL_Driver/Inc -I../Drivers/STM32F1xx_HAL_Driver/Inc/Legacy -I../Drivers/CMSIS/Device/ST/STM32F1xx/Include -I../Drivers/CMSIS/Include -O0 -ffunction-sections -fdata-sections -Wall -fstack-usage -fcyclomatic-complexity -MMD -MP -MF"Core/Src/main.d" -MT"Core/Src/main.o" --specs=nano.specs -mfloat-abi=soft -mthumb -o "Core/Src/main.o"
arm-none-eabi-gcc -o "firmware.elf" @"objects.list"   -mcpu=cortex-m3 -T"C:\Users\Saleh work and edu\Desktop\Saleh Uni\sem 7\senior year project\Flight Controller\Test_Board\firmware\STM32F103C8TX_FLASH.ld" --specs=nosys.specs -Wl,-Map="firmware.map" -Wl,--gc-sections -static --specs=nano.specs -mfloat-abi=soft -mthumb -Wl,--start-group -lc -lm -Wl,--end-group
Finished building target: firmware.elf
 
arm-none-eabi-size  firmware.elf 
arm-none-eabi-objdump -h -S firmware.elf  > "firmware.list"
   text	   data	    bss	    dec	    hex	filename
  13328	     16	   2104	  15448	   3c58	firmware.elf
Finished building: default.size.stdout
 
Finished building: firmware.list
 
15:25:36 **** Incremental Build of configuration Debug for project firmware ****
make -j32 all 
arm-none-eabi-size  firmware.elf 
   text	   data	    bss	    dec	    hex	filename
  13328	     16	   2104	  15448	   3c58	firmware.elf
Finished building: default.size.stdout
 
15:27:56 **** Incremental Build of configuration Debug for project firmware ****
make -j32 all 
arm-none-eabi-gcc "../Core/Src/main.c" -mcpu=cortex-m3 -std=gnu11 -g3 -DDEBUG -DUSE_HAL_DRIVER -DSTM32F103xB -c -I../Core/Inc -I../Drivers/STM32F1xx_HAL_Driver/Inc -I../Drivers/STM32F1xx_HAL_Driver/Inc/Legacy -I../Drivers/CMSIS/Device/ST/STM32F1xx/Include -I../Drivers/CMSIS/Include -O0 -ffunction-sections -fdata-sections -Wall -fstack-usage -fcyclomatic-complexity -MMD -MP -MF"Core/Src/main.d" -MT"Core/Src/main.o" --specs=nano.specs -mfloat-abi=soft -mthumb -o "Core/Src/main.o"
arm-none-eabi-gcc -o "firmware.elf" @"objects.list"   -mcpu=cortex-m3 -T"C:\Users\Saleh work and edu\Desktop\Saleh Uni\sem 7\senior year project\Flight Controller\Test_Board\firmware\STM32F103C8TX_FLASH.ld" --specs=nosys.specs -Wl,-Map="firmware.map" -Wl,--gc-sections -static --specs=nano.specs -mfloat-abi=soft -mthumb -Wl,--start-group -lc -lm -Wl,--end-group
Finished building target: firmware.elf
 
arm-none-eabi-size  firmware.elf 
arm-none-eabi-objdump -h -S firmware.elf  > "firmware.list"
   text	   data	    bss	    dec	    hex	filename
  13340	     16	   2104	  15460	   3c64	firmware.elf
Finished building: default.size.stdout
 
Finished building: firmware.list
 
15:28:06 **** Incremental Build of configuration Debug for project firmware ****
make -j32 all 
arm-none-eabi-size  firmware.elf 
   text	   data	    bss	    dec	    hex	filename
  13340	     16	   2104	  15460	   3c64	firmware.elf
Finished building: default.size.stdout
 
15:30:29 **** Incremental Build of configuration Debug for project firmware ****
make -j32 all 
arm-none-eabi-gcc "../Core/Src/bmi270.c" -mcpu=cortex-m3 -std=gnu11 -g3 -DDEBUG -DUSE_HAL_DRIVER -DSTM32F103xB -c -I../Core/Inc -I../Drivers/STM32F1xx_HAL_Driver/Inc -I../Drivers/STM32F1xx_HAL_Driver/Inc/Legacy -I../Drivers/CMSIS/Device/ST/STM32F1xx/Include -I../Drivers/CMSIS/Include -O0 -ffunction-sections -fdata-sections -Wall -fstack-usage -fcyclomatic-complexity -MMD -MP -MF"Core/Src/bmi270.d" -MT"Core/Src/bmi270.o" --specs=nano.specs -mfloat-abi=soft -mthumb -o "Core/Src/bmi270.o"
arm-none-eabi-gcc -o "firmware.elf" @"objects.list"   -mcpu=cortex-m3 -T"C:\Users\Saleh work and edu\Desktop\Saleh Uni\sem 7\senior year project\Flight Controller\Test_Board\firmware\STM32F103C8TX_FLASH.ld" --specs=nosys.specs -Wl,-Map="firmware.map" -Wl,--gc-sections -static --specs=nano.specs -mfloat-abi=soft -mthumb -Wl,--start-group -lc -lm -Wl,--end-group
Finished building target: firmware.elf
 
arm-none-eabi-size  firmware.elf 
arm-none-eabi-objdump -h -S firmware.elf  > "firmware.list"
   text	   data	    bss	    dec	    hex	filename
  13340	     16	   2104	  15460	   3c64	firmware.elf
Finished building: default.size.stdout
 
Finished building: firmware.list
 
15:31:21 **** Incremental Build of configuration Debug for project firmware ****
make -j32 all 
arm-none-eabi-gcc "../Core/Src/bmi270.c" -mcpu=cortex-m3 -std=gnu11 -g3 -DDEBUG -DUSE_HAL_DRIVER -DSTM32F103xB -c -I../Core/Inc -I../Drivers/STM32F1xx_HAL_Driver/Inc -I../Drivers/STM32F1xx_HAL_Driver/Inc/Legacy -I../Drivers/CMSIS/Device/ST/STM32F1xx/Include -I../Drivers/CMSIS/Include -O0 -ffunction-sections -fdata-sections -Wall -fstack-usage -fcyclomatic-complexity -MMD -MP -MF"Core/Src/bmi270.d" -MT"Core/Src/bmi270.o" --specs=nano.specs -mfloat-abi=soft -mthumb -o "Core/Src/bmi270.o"
arm-none-eabi-gcc -o "firmware.elf" @"objects.list"   -mcpu=cortex-m3 -T"C:\Users\Saleh work and edu\Desktop\Saleh Uni\sem 7\senior year project\Flight Controller\Test_Board\firmware\STM32F103C8TX_FLASH.ld" --specs=nosys.specs -Wl,-Map="firmware.map" -Wl,--gc-sections -static --specs=nano.specs -mfloat-abi=soft -mthumb -Wl,--start-group -lc -lm -Wl,--end-group
Finished building target: firmware.elf
 
arm-none-eabi-size  firmware.elf 
arm-none-eabi-objdump -h -S firmware.elf  > "firmware.list"
   text	   data	    bss	    dec	    hex	filename
  13340	     16	   2104	  15460	   3c64	firmware.elf
Finished building: default.size.stdout
 
Finished building: firmware.list
 
15:33:35 **** Incremental Build of configuration Debug for project firmware ****
make -j32 all 
arm-none-eabi-gcc "../Core/Src/main.c" -mcpu=cortex-m3 -std=gnu11 -g3 -DDEBUG -DUSE_HAL_DRIVER -DSTM32F103xB -c -I../Core/Inc -I../Drivers/STM32F1xx_HAL_Driver/Inc -I../Drivers/STM32F1xx_HAL_Driver/Inc/Legacy -I../Drivers/CMSIS/Device/ST/STM32F1xx/Include -I../Drivers/CMSIS/Include -O0 -ffunction-sections -fdata-sections -Wall -fstack-usage -fcyclomatic-complexity -MMD -MP -MF"Core/Src/main.d" -MT"Core/Src/main.o" --specs=nano.specs -mfloat-abi=soft -mthumb -o "Core/Src/main.o"
arm-none-eabi-gcc -o "firmware.elf" @"objects.list"   -mcpu=cortex-m3 -T"C:\Users\Saleh work and edu\Desktop\Saleh Uni\sem 7\senior year project\Flight Controller\Test_Board\firmware\STM32F103C8TX_FLASH.ld" --specs=nosys.specs -Wl,-Map="firmware.map" -Wl,--gc-sections -static --specs=nano.specs -mfloat-abi=soft -mthumb -Wl,--start-group -lc -lm -Wl,--end-group
Finished building target: firmware.elf
 
arm-none-eabi-size  firmware.elf 
arm-none-eabi-objdump -h -S firmware.elf  > "firmware.list"
   text	   data	    bss	    dec	    hex	filename
  13396	     16	   2112	  15524	   3ca4	firmware.elf
Finished building: default.size.stdout
 
Finished building: firmware.list
 
15:44:13 **** Incremental Build of configuration Debug for project firmware ****
make -j32 all 
arm-none-eabi-gcc "../Core/Src/bmi270.c" -mcpu=cortex-m3 -std=gnu11 -g3 -DDEBUG -DUSE_HAL_DRIVER -DSTM32F103xB -c -I../Core/Inc -I../Drivers/STM32F1xx_HAL_Driver/Inc -I../Drivers/STM32F1xx_HAL_Driver/Inc/Legacy -I../Drivers/CMSIS/Device/ST/STM32F1xx/Include -I../Drivers/CMSIS/Include -O0 -ffunction-sections -fdata-sections -Wall -fstack-usage -fcyclomatic-complexity -MMD -MP -MF"Core/Src/bmi270.d" -MT"Core/Src/bmi270.o" --specs=nano.specs -mfloat-abi=soft -mthumb -o "Core/Src/bmi270.o"
arm-none-eabi-gcc -o "firmware.elf" @"objects.list"   -mcpu=cortex-m3 -T"C:\Users\Saleh work and edu\Desktop\Saleh Uni\sem 7\senior year project\Flight Controller\Test_Board\firmware\STM32F103C8TX_FLASH.ld" --specs=nosys.specs -Wl,-Map="firmware.map" -Wl,--gc-sections -static --specs=nano.specs -mfloat-abi=soft -mthumb -Wl,--start-group -lc -lm -Wl,--end-group
Finished building target: firmware.elf
 
arm-none-eabi-size  firmware.elf 
arm-none-eabi-objdump -h -S firmware.elf  > "firmware.list"
   text	   data	    bss	    dec	    hex	filename
  12916	     16	   2112	  15044	   3ac4	firmware.elf
Finished building: default.size.stdout
 
Finished building: firmware.list
 
15:46:03 **** Incremental Build of configuration Debug for project firmware ****
make -j32 all 
arm-none-eabi-gcc "../Core/Src/main.c" -mcpu=cortex-m3 -std=gnu11 -g3 -DDEBUG -DUSE_HAL_DRIVER -DSTM32F103xB -c -I../Core/Inc -I../Drivers/STM32F1xx_HAL_Driver/Inc -I../Drivers/STM32F1xx_HAL_Driver/Inc/Legacy -I../Drivers/CMSIS/Device/ST/STM32F1xx/Include -I../Drivers/CMSIS/Include -O0 -ffunction-sections -fdata-sections -Wall -fstack-usage -fcyclomatic-complexity -MMD -MP -MF"Core/Src/main.d" -MT"Core/Src/main.o" --specs=nano.specs -mfloat-abi=soft -mthumb -o "Core/Src/main.o"
arm-none-eabi-gcc -o "firmware.elf" @"objects.list"   -mcpu=cortex-m3 -T"C:\Users\Saleh work and edu\Desktop\Saleh Uni\sem 7\senior year project\Flight Controller\Test_Board\firmware\STM32F103C8TX_FLASH.ld" --specs=nosys.specs -Wl,-Map="firmware.map" -Wl,--gc-sections -static --specs=nano.specs -mfloat-abi=soft -mthumb -Wl,--start-group -lc -lm -Wl,--end-group
Finished building target: firmware.elf
 
arm-none-eabi-size  firmware.elf 
arm-none-eabi-objdump -h -S firmware.elf  > "firmware.list"
   text	   data	    bss	    dec	    hex	filename
  12884	     16	   2104	  15004	   3a9c	firmware.elf
Finished building: default.size.stdout
 
Finished building: firmware.list
 
15:46:13 **** Incremental Build of configuration Debug for project firmware ****
make -j32 all 
arm-none-eabi-size  firmware.elf 
   text	   data	    bss	    dec	    hex	filename
  12884	     16	   2104	  15004	   3a9c	firmware.elf
Finished building: default.size.stdout
 
16:13:33 **** Incremental Build of configuration Debug for project firmware ****
make -j32 all 
arm-none-eabi-size  firmware.elf 
   text	   data	    bss	    dec	    hex	filename
  12884	     16	   2104	  15004	   3a9c	firmware.elf
Finished building: default.size.stdout
 
16:25:48 **** Incremental Build of configuration Debug for project firmware ****
make -j32 all 
arm-none-eabi-gcc "../Core/Src/bmi270.c" -mcpu=cortex-m3 -std=gnu11 -g3 -DDEBUG -DUSE_HAL_DRIVER -DSTM32F103xB -c -I../Core/Inc -I../Drivers/STM32F1xx_HAL_Driver/Inc -I../Drivers/STM32F1xx_HAL_Driver/Inc/Legacy -I../Drivers/CMSIS/Device/ST/STM32F1xx/Include -I../Drivers/CMSIS/Include -O0 -ffunction-sections -fdata-sections -Wall -fstack-usage -fcyclomatic-complexity -MMD -MP -MF"Core/Src/bmi270.d" -MT"Core/Src/bmi270.o" --specs=nano.specs -mfloat-abi=soft -mthumb -o "Core/Src/bmi270.o"
arm-none-eabi-gcc "../Core/Src/main.c" -mcpu=cortex-m3 -std=gnu11 -g3 -DDEBUG -DUSE_HAL_DRIVER -DSTM32F103xB -c -I../Core/Inc -I../Drivers/STM32F1xx_HAL_Driver/Inc -I../Drivers/STM32F1xx_HAL_Driver/Inc/Legacy -I../Drivers/CMSIS/Device/ST/STM32F1xx/Include -I../Drivers/CMSIS/Include -O0 -ffunction-sections -fdata-sections -Wall -fstack-usage -fcyclomatic-complexity -MMD -MP -MF"Core/Src/main.d" -MT"Core/Src/main.o" --specs=nano.specs -mfloat-abi=soft -mthumb -o "Core/Src/main.o"
In file included from ../Core/Src/bmi270.c:1:
../Core/Inc/bmi270.h:12:10: fatal error: stm32fxxx_hal.h: No such file or directory
   12 | #include "stm32fxxx_hal.h"
      |          ^~~~~~~~~~~~~~~~~
In file included from ../Core/Src/main.c:22:
../Core/Inc/bmi270.h:12:10: fatal error: stm32fxxx_hal.h: No such file or directory
   12 | #include "stm32fxxx_hal.h"
      |          ^~~~~~~~~~~~~~~~~
compilation terminated.
compilation terminated.
make: *** [Core/Src/subdir.mk:40: Core/Src/main.o] Error 1
make: *** Waiting for unfinished jobs....
make: *** [Core/Src/subdir.mk:40: Core/Src/bmi270.o] Error 1
"make -j32 all" terminated with exit code 2. Build might be incomplete.
16:26:42 **** Incremental Build of configuration Debug for project firmware ****
make -j32 all 
arm-none-eabi-gcc "../Core/Src/bmi270.c" -mcpu=cortex-m3 -std=gnu11 -g3 -DDEBUG -DUSE_HAL_DRIVER -DSTM32F103xB -c -I../Core/Inc -I../Drivers/STM32F1xx_HAL_Driver/Inc -I../Drivers/STM32F1xx_HAL_Driver/Inc/Legacy -I../Drivers/CMSIS/Device/ST/STM32F1xx/Include -I../Drivers/CMSIS/Include -O0 -ffunction-sections -fdata-sections -Wall -fstack-usage -fcyclomatic-complexity -MMD -MP -MF"Core/Src/bmi270.d" -MT"Core/Src/bmi270.o" --specs=nano.specs -mfloat-abi=soft -mthumb -o "Core/Src/bmi270.o"
arm-none-eabi-gcc "../Core/Src/main.c" -mcpu=cortex-m3 -std=gnu11 -g3 -DDEBUG -DUSE_HAL_DRIVER -DSTM32F103xB -c -I../Core/Inc -I../Drivers/STM32F1xx_HAL_Driver/Inc -I../Drivers/STM32F1xx_HAL_Driver/Inc/Legacy -I../Drivers/CMSIS/Device/ST/STM32F1xx/Include -I../Drivers/CMSIS/Include -O0 -ffunction-sections -fdata-sections -Wall -fstack-usage -fcyclomatic-complexity -MMD -MP -MF"Core/Src/main.d" -MT"Core/Src/main.o" --specs=nano.specs -mfloat-abi=soft -mthumb -o "Core/Src/main.o"
In file included from ../Core/Src/bmi270.c:1:
../Core/Inc/bmi270.h:3:10: fatal error: stm32fxxx_hal.h: No such file or directory
    3 | #include "stm32fxxx_hal.h"
      |          ^~~~~~~~~~~~~~~~~
compilation terminated.
make: *** [Core/Src/subdir.mk:40: Core/Src/bmi270.o] Error 1
make: *** Waiting for unfinished jobs....
In file included from ../Core/Src/main.c:22:
../Core/Inc/bmi270.h:3:10: fatal error: stm32fxxx_hal.h: No such file or directory
    3 | #include "stm32fxxx_hal.h"
      |          ^~~~~~~~~~~~~~~~~
compilation terminated.
make: *** [Core/Src/subdir.mk:40: Core/Src/main.o] Error 1
"make -j32 all" terminated with exit code 2. Build might be incomplete.
16:27:18 **** Incremental Build of configuration Debug for project firmware ****
make -j32 all 
arm-none-eabi-gcc "../Core/Src/bmi270.c" -mcpu=cortex-m3 -std=gnu11 -g3 -DDEBUG -DUSE_HAL_DRIVER -DSTM32F103xB -c -I../Core/Inc -I../Drivers/STM32F1xx_HAL_Driver/Inc -I../Drivers/STM32F1xx_HAL_Driver/Inc/Legacy -I../Drivers/CMSIS/Device/ST/STM32F1xx/Include -I../Drivers/CMSIS/Include -O0 -ffunction-sections -fdata-sections -Wall -fstack-usage -fcyclomatic-complexity -MMD -MP -MF"Core/Src/bmi270.d" -MT"Core/Src/bmi270.o" --specs=nano.specs -mfloat-abi=soft -mthumb -o "Core/Src/bmi270.o"
arm-none-eabi-gcc "../Core/Src/main.c" -mcpu=cortex-m3 -std=gnu11 -g3 -DDEBUG -DUSE_HAL_DRIVER -DSTM32F103xB -c -I../Core/Inc -I../Drivers/STM32F1xx_HAL_Driver/Inc -I../Drivers/STM32F1xx_HAL_Driver/Inc/Legacy -I../Drivers/CMSIS/Device/ST/STM32F1xx/Include -I../Drivers/CMSIS/Include -O0 -ffunction-sections -fdata-sections -Wall -fstack-usage -fcyclomatic-complexity -MMD -MP -MF"Core/Src/main.d" -MT"Core/Src/main.o" --specs=nano.specs -mfloat-abi=soft -mthumb -o "Core/Src/main.o"
../Core/Src/main.c:26:10: error: unknown type name 'BMI270_Status_t'
   26 | volatile BMI270_Status_t bmi_status = BMI270_ERR_ID;
      |          ^~~~~~~~~~~~~~~
../Core/Src/main.c:26:39: error: 'BMI270_ERR_ID' undeclared here (not in a function); did you mean 'BMI270_REG_CMD'?
   26 | volatile BMI270_Status_t bmi_status = BMI270_ERR_ID;
      |                                       ^~~~~~~~~~~~~
      |                                       BMI270_REG_CMD
../Core/Src/main.c:27:10: error: unknown type name 'BMI270_Data_t'
   27 | volatile BMI270_Data_t bmi_data = {0};
      |          ^~~~~~~~~~~~~
../Core/Src/main.c: In function 'main':
../Core/Src/main.c:104:3: warning: implicit declaration of function 'BMI270_ReadID' [-Wimplicit-function-declaration]
  104 |   BMI270_ReadID(&hspi1, (uint8_t*)&bmi_id_debug);
      |   ^~~~~~~~~~~~~
../Core/Src/main.c:105:16: warning: implicit declaration of function 'BMI270_Init' [-Wimplicit-function-declaration]
  105 |   bmi_status = BMI270_Init(&hspi1);
      |                ^~~~~~~~~~~
../Core/Src/main.c:106:3: warning: implicit declaration of function 'BMI270_ReadReg'; did you mean 'bmi270_read_reg'? [-Wimplicit-function-declaration]
  106 |   BMI270_ReadReg(&hspi1, 0x21, (uint8_t*)&bmi_init_status);
      |   ^~~~~~~~~~~~~~
      |   bmi270_read_reg
../Core/Src/main.c:109:3: warning: implicit declaration of function 'BMI270_WriteReg'; did you mean 'bmi270_write_reg'? [-Wimplicit-function-declaration]
  109 |   BMI270_WriteReg(&hspi1, 0x7C, 0x00);  // PWR_CONF - disable adv power save
      |   ^~~~~~~~~~~~~~~
      |   bmi270_write_reg
../Core/Src/main.c:118:5: warning: implicit declaration of function 'BMI270_ReadAll' [-Wimplicit-function-declaration]
  118 |     BMI270_ReadAll(&hspi1, (BMI270_Data_t*)&bmi_data);  // read regardless
      |     ^~~~~~~~~~~~~~
../Core/Src/main.c:118:29: error: 'BMI270_Data_t' undeclared (first use in this function)
  118 |     BMI270_ReadAll(&hspi1, (BMI270_Data_t*)&bmi_data);  // read regardless
      |                             ^~~~~~~~~~~~~
../Core/Src/main.c:118:29: note: each undeclared identifier is reported only once for each function it appears in
../Core/Src/main.c:118:43: error: expected expression before ')' token
  118 |     BMI270_ReadAll(&hspi1, (BMI270_Data_t*)&bmi_data);  // read regardless
      |                                           ^
make: *** [Core/Src/subdir.mk:40: Core/Src/main.o] Error 1
make: *** Waiting for unfinished jobs....
"make -j32 all" terminated with exit code 2. Build might be incomplete.
16:29:53 **** Incremental Build of configuration Debug for project firmware ****
make -j32 all 
arm-none-eabi-gcc "../Core/Src/main.c" -mcpu=cortex-m3 -std=gnu11 -g3 -DDEBUG -DUSE_HAL_DRIVER -DSTM32F103xB -c -I../Core/Inc -I../Drivers/STM32F1xx_HAL_Driver/Inc -I../Drivers/STM32F1xx_HAL_Driver/Inc/Legacy -I../Drivers/CMSIS/Device/ST/STM32F1xx/Include -I../Drivers/CMSIS/Include -O0 -ffunction-sections -fdata-sections -Wall -fstack-usage -fcyclomatic-complexity -MMD -MP -MF"Core/Src/main.d" -MT"Core/Src/main.o" --specs=nano.specs -mfloat-abi=soft -mthumb -o "Core/Src/main.o"
arm-none-eabi-gcc -o "firmware.elf" @"objects.list"   -mcpu=cortex-m3 -T"C:\Users\Saleh work and edu\Desktop\Saleh Uni\sem 7\senior year project\Flight Controller\Test_Board\firmware\STM32F103C8TX_FLASH.ld" --specs=nosys.specs -Wl,-Map="firmware.map" -Wl,--gc-sections -static --specs=nano.specs -mfloat-abi=soft -mthumb -Wl,--start-group -lc -lm -Wl,--end-group
Finished building target: firmware.elf
 
arm-none-eabi-size  firmware.elf 
arm-none-eabi-objdump -h -S firmware.elf  > "firmware.list"
   text	   data	    bss	    dec	    hex	filename
  12152	     12	   2108	  14272	   37c0	firmware.elf
Finished building: default.size.stdout
 
Finished building: firmware.list
 
16:31:15 **** Incremental Build of configuration Debug for project firmware ****
make -j32 all 
arm-none-eabi-size  firmware.elf 
   text	   data	    bss	    dec	    hex	filename
  12152	     12	   2108	  14272	   37c0	firmware.elf
Finished building: default.size.stdout
 
16:33:34 **** Incremental Build of configuration Debug for project firmware ****
make -j32 all 
arm-none-eabi-size  firmware.elf 
   text	   data	    bss	    dec	    hex	filename
  12152	     12	   2108	  14272	   37c0	firmware.elf
Finished building: default.size.stdout
 
16:37:52 **** Incremental Build of configuration Debug for project firmware ****
make -j32 all 
arm-none-eabi-gcc "../Core/Src/main.c" -mcpu=cortex-m3 -std=gnu11 -g3 -DDEBUG -DUSE_HAL_DRIVER -DSTM32F103xB -c -I../Core/Inc -I../Drivers/STM32F1xx_HAL_Driver/Inc -I../Drivers/STM32F1xx_HAL_Driver/Inc/Legacy -I../Drivers/CMSIS/Device/ST/STM32F1xx/Include -I../Drivers/CMSIS/Include -O0 -ffunction-sections -fdata-sections -Wall -fstack-usage -fcyclomatic-complexity -MMD -MP -MF"Core/Src/main.d" -MT"Core/Src/main.o" --specs=nano.specs -mfloat-abi=soft -mthumb -o "Core/Src/main.o"
arm-none-eabi-gcc -o "firmware.elf" @"objects.list"   -mcpu=cortex-m3 -T"C:\Users\Saleh work and edu\Desktop\Saleh Uni\sem 7\senior year project\Flight Controller\Test_Board\firmware\STM32F103C8TX_FLASH.ld" --specs=nosys.specs -Wl,-Map="firmware.map" -Wl,--gc-sections -static --specs=nano.specs -mfloat-abi=soft -mthumb -Wl,--start-group -lc -lm -Wl,--end-group
Finished building target: firmware.elf
 
arm-none-eabi-size  firmware.elf 
arm-none-eabi-objdump -h -S firmware.elf  > "firmware.list"
   text	   data	    bss	    dec	    hex	filename
  10160	     12	   2060	  12232	   2fc8	firmware.elf
Finished building: default.size.stdout
 
Finished building: firmware.list
 
16:38:51 **** Incremental Build of configuration Debug for project firmware ****
make -j32 all 
arm-none-eabi-gcc "../Core/Src/main.c" -mcpu=cortex-m3 -std=gnu11 -g3 -DDEBUG -DUSE_HAL_DRIVER -DSTM32F103xB -c -I../Core/Inc -I../Drivers/STM32F1xx_HAL_Driver/Inc -I../Drivers/STM32F1xx_HAL_Driver/Inc/Legacy -I../Drivers/CMSIS/Device/ST/STM32F1xx/Include -I../Drivers/CMSIS/Include -O0 -ffunction-sections -fdata-sections -Wall -fstack-usage -fcyclomatic-complexity -MMD -MP -MF"Core/Src/main.d" -MT"Core/Src/main.o" --specs=nano.specs -mfloat-abi=soft -mthumb -o "Core/Src/main.o"
arm-none-eabi-gcc -o "firmware.elf" @"objects.list"   -mcpu=cortex-m3 -T"C:\Users\Saleh work and edu\Desktop\Saleh Uni\sem 7\senior year project\Flight Controller\Test_Board\firmware\STM32F103C8TX_FLASH.ld" --specs=nosys.specs -Wl,-Map="firmware.map" -Wl,--gc-sections -static --specs=nano.specs -mfloat-abi=soft -mthumb -Wl,--start-group -lc -lm -Wl,--end-group
Finished building target: firmware.elf
 
arm-none-eabi-size  firmware.elf 
arm-none-eabi-objdump -h -S firmware.elf  > "firmware.list"
   text	   data	    bss	    dec	    hex	filename
  10160	     12	   2060	  12232	   2fc8	firmware.elf
Finished building: default.size.stdout
 
Finished building: firmware.list
 
16:39:17 **** Incremental Build of configuration Debug for project firmware ****
make -j32 all 
arm-none-eabi-size  firmware.elf 
   text	   data	    bss	    dec	    hex	filename
  10160	     12	   2060	  12232	   2fc8	firmware.elf
Finished building: default.size.stdout
 
16:39:59 **** Incremental Build of configuration Debug for project firmware ****
make -j32 all 
arm-none-eabi-gcc "../Core/Src/main.c" -mcpu=cortex-m3 -std=gnu11 -g3 -DDEBUG -DUSE_HAL_DRIVER -DSTM32F103xB -c -I../Core/Inc -I../Drivers/STM32F1xx_HAL_Driver/Inc -I../Drivers/STM32F1xx_HAL_Driver/Inc/Legacy -I../Drivers/CMSIS/Device/ST/STM32F1xx/Include -I../Drivers/CMSIS/Include -O0 -ffunction-sections -fdata-sections -Wall -fstack-usage -fcyclomatic-complexity -MMD -MP -MF"Core/Src/main.d" -MT"Core/Src/main.o" --specs=nano.specs -mfloat-abi=soft -mthumb -o "Core/Src/main.o"
../Core/Src/main.c: In function 'main':
../Core/Src/main.c:105:31: warning: passing argument 2 of 'HAL_SPI_Receive' discards 'volatile' qualifier from pointer target type [-Wdiscarded-qualifiers]
  105 |       HAL_SPI_Receive(&hspi1, &id, 1, 100);
      |                               ^~~
In file included from ../Core/Inc/stm32f1xx_hal_conf.h:330,
                 from ../Drivers/STM32F1xx_HAL_Driver/Inc/stm32f1xx_hal.h:29,
                 from ../Core/Inc/main.h:30,
                 from ../Core/Src/main.c:20:
../Drivers/STM32F1xx_HAL_Driver/Inc/stm32f1xx_hal_spi.h:676:69: note: expected 'uint8_t *' {aka 'unsigned char *'} but argument is of type 'volatile uint8_t *' {aka 'volatile unsigned char *'}
  676 | HAL_StatusTypeDef HAL_SPI_Receive(SPI_HandleTypeDef *hspi, uint8_t *pData, uint16_t Size, uint32_t Timeout);
      |                                                            ~~~~~~~~~^~~~~
arm-none-eabi-gcc -o "firmware.elf" @"objects.list"   -mcpu=cortex-m3 -T"C:\Users\Saleh work and edu\Desktop\Saleh Uni\sem 7\senior year project\Flight Controller\Test_Board\firmware\STM32F103C8TX_FLASH.ld" --specs=nosys.specs -Wl,-Map="firmware.map" -Wl,--gc-sections -static --specs=nano.specs -mfloat-abi=soft -mthumb -Wl,--start-group -lc -lm -Wl,--end-group
Finished building target: firmware.elf
 
arm-none-eabi-size  firmware.elf 
arm-none-eabi-objdump -h -S firmware.elf  > "firmware.list"
   text	   data	    bss	    dec	    hex	filename
  10160	     12	   2060	  12232	   2fc8	firmware.elf
Finished building: default.size.stdout
 
Finished building: firmware.list
 
16:56:13 **** Incremental Build of configuration Debug for project firmware ****
make -j32 all 
arm-none-eabi-gcc "../Core/Src/bmi270.c" -mcpu=cortex-m3 -std=gnu11 -g3 -DDEBUG -DUSE_HAL_DRIVER -DSTM32F103xB -c -I../Core/Inc -I../Drivers/STM32F1xx_HAL_Driver/Inc -I../Drivers/STM32F1xx_HAL_Driver/Inc/Legacy -I../Drivers/CMSIS/Device/ST/STM32F1xx/Include -I../Drivers/CMSIS/Include -O0 -ffunction-sections -fdata-sections -Wall -fstack-usage -fcyclomatic-complexity -MMD -MP -MF"Core/Src/bmi270.d" -MT"Core/Src/bmi270.o" --specs=nano.specs -mfloat-abi=soft -mthumb -o "Core/Src/bmi270.o"
arm-none-eabi-gcc "../Core/Src/main.c" -mcpu=cortex-m3 -std=gnu11 -g3 -DDEBUG -DUSE_HAL_DRIVER -DSTM32F103xB -c -I../Core/Inc -I../Drivers/STM32F1xx_HAL_Driver/Inc -I../Drivers/STM32F1xx_HAL_Driver/Inc/Legacy -I../Drivers/CMSIS/Device/ST/STM32F1xx/Include -I../Drivers/CMSIS/Include -O0 -ffunction-sections -fdata-sections -Wall -fstack-usage -fcyclomatic-complexity -MMD -MP -MF"Core/Src/main.d" -MT"Core/Src/main.o" --specs=nano.specs -mfloat-abi=soft -mthumb -o "Core/Src/main.o"
../Core/Src/main.c:365:13: warning: 'MX_USART2_UART_Init' defined but not used [-Wunused-function]
  365 | static void MX_USART2_UART_Init(void)
      |             ^~~~~~~~~~~~~~~~~~~
../Core/Src/main.c:332:13: warning: 'MX_USART1_UART_Init' defined but not used [-Wunused-function]
  332 | static void MX_USART1_UART_Init(void)
      |             ^~~~~~~~~~~~~~~~~~~
../Core/Src/main.c:294:13: warning: 'MX_SPI2_Init' defined but not used [-Wunused-function]
  294 | static void MX_SPI2_Init(void)
      |             ^~~~~~~~~~~~
../Core/Src/main.c:222:13: warning: 'MX_I2C2_Init' defined but not used [-Wunused-function]
  222 | static void MX_I2C2_Init(void)
      |             ^~~~~~~~~~~~
../Core/Src/main.c:188:13: warning: 'MX_I2C1_Init' defined but not used [-Wunused-function]
  188 | static void MX_I2C1_Init(void)
      |             ^~~~~~~~~~~~
arm-none-eabi-gcc -o "firmware.elf" @"objects.list"   -mcpu=cortex-m3 -T"C:\Users\Saleh work and edu\Desktop\Saleh Uni\sem 7\senior year project\Flight Controller\Test_Board\firmware\STM32F103C8TX_FLASH.ld" --specs=nosys.specs -Wl,-Map="firmware.map" -Wl,--gc-sections -static --specs=nano.specs -mfloat-abi=soft -mthumb -Wl,--start-group -lc -lm -Wl,--end-group
Finished building target: firmware.elf
 
arm-none-eabi-size  firmware.elf 
arm-none-eabi-objdump -h -S firmware.elf  > "firmware.list"
   text	   data	    bss	    dec	    hex	filename
  10700	     12	   1764	  12476	   30bc	firmware.elf
Finished building: default.size.stdout
 
Finished building: firmware.list
 
17:00:01 **** Incremental Build of configuration Debug for project firmware ****
make -j32 all 
arm-none-eabi-size  firmware.elf 
   text	   data	    bss	    dec	    hex	filename
  10700	     12	   1764	  12476	   30bc	firmware.elf
Finished building: default.size.stdout
 
19:24:28 **** Incremental Build of configuration Debug for project firmware ****
make -j32 all 
arm-none-eabi-gcc "../Core/Src/ICM-42688p.c" -mcpu=cortex-m3 -std=gnu11 -g3 -DDEBUG -DUSE_HAL_DRIVER -DSTM32F103xB -c -I../Core/Inc -I../Drivers/STM32F1xx_HAL_Driver/Inc -I../Drivers/STM32F1xx_HAL_Driver/Inc/Legacy -I../Drivers/CMSIS/Device/ST/STM32F1xx/Include -I../Drivers/CMSIS/Include -O0 -ffunction-sections -fdata-sections -Wall -fstack-usage -fcyclomatic-complexity -MMD -MP -MF"Core/Src/ICM-42688p.d" -MT"Core/Src/ICM-42688p.o" --specs=nano.specs -mfloat-abi=soft -mthumb -o "Core/Src/ICM-42688p.o"
arm-none-eabi-gcc "../Core/Src/bmi270.c" -mcpu=cortex-m3 -std=gnu11 -g3 -DDEBUG -DUSE_HAL_DRIVER -DSTM32F103xB -c -I../Core/Inc -I../Drivers/STM32F1xx_HAL_Driver/Inc -I../Drivers/STM32F1xx_HAL_Driver/Inc/Legacy -I../Drivers/CMSIS/Device/ST/STM32F1xx/Include -I../Drivers/CMSIS/Include -O0 -ffunction-sections -fdata-sections -Wall -fstack-usage -fcyclomatic-complexity -MMD -MP -MF"Core/Src/bmi270.d" -MT"Core/Src/bmi270.o" --specs=nano.specs -mfloat-abi=soft -mthumb -o "Core/Src/bmi270.o"
arm-none-eabi-gcc "../Core/Src/bmpp388.c" -mcpu=cortex-m3 -std=gnu11 -g3 -DDEBUG -DUSE_HAL_DRIVER -DSTM32F103xB -c -I../Core/Inc -I../Drivers/STM32F1xx_HAL_Driver/Inc -I../Drivers/STM32F1xx_HAL_Driver/Inc/Legacy -I../Drivers/CMSIS/Device/ST/STM32F1xx/Include -I../Drivers/CMSIS/Include -O0 -ffunction-sections -fdata-sections -Wall -fstack-usage -fcyclomatic-complexity -MMD -MP -MF"Core/Src/bmpp388.d" -MT"Core/Src/bmpp388.o" --specs=nano.specs -mfloat-abi=soft -mthumb -o "Core/Src/bmpp388.o"
arm-none-eabi-gcc "../Core/Src/main.c" -mcpu=cortex-m3 -std=gnu11 -g3 -DDEBUG -DUSE_HAL_DRIVER -DSTM32F103xB -c -I../Core/Inc -I../Drivers/STM32F1xx_HAL_Driver/Inc -I../Drivers/STM32F1xx_HAL_Driver/Inc/Legacy -I../Drivers/CMSIS/Device/ST/STM32F1xx/Include -I../Drivers/CMSIS/Include -O0 -ffunction-sections -fdata-sections -Wall -fstack-usage -fcyclomatic-complexity -MMD -MP -MF"Core/Src/main.d" -MT"Core/Src/main.o" --specs=nano.specs -mfloat-abi=soft -mthumb -o "Core/Src/main.o"
arm-none-eabi-gcc "../Core/Src/stm32f1xx_hal_msp.c" -mcpu=cortex-m3 -std=gnu11 -g3 -DDEBUG -DUSE_HAL_DRIVER -DSTM32F103xB -c -I../Core/Inc -I../Drivers/STM32F1xx_HAL_Driver/Inc -I../Drivers/STM32F1xx_HAL_Driver/Inc/Legacy -I../Drivers/CMSIS/Device/ST/STM32F1xx/Include -I../Drivers/CMSIS/Include -O0 -ffunction-sections -fdata-sections -Wall -fstack-usage -fcyclomatic-complexity -MMD -MP -MF"Core/Src/stm32f1xx_hal_msp.d" -MT"Core/Src/stm32f1xx_hal_msp.o" --specs=nano.specs -mfloat-abi=soft -mthumb -o "Core/Src/stm32f1xx_hal_msp.o"
arm-none-eabi-gcc "../Core/Src/stm32f1xx_it.c" -mcpu=cortex-m3 -std=gnu11 -g3 -DDEBUG -DUSE_HAL_DRIVER -DSTM32F103xB -c -I../Core/Inc -I../Drivers/STM32F1xx_HAL_Driver/Inc -I../Drivers/STM32F1xx_HAL_Driver/Inc/Legacy -I../Drivers/CMSIS/Device/ST/STM32F1xx/Include -I../Drivers/CMSIS/Include -O0 -ffunction-sections -fdata-sections -Wall -fstack-usage -fcyclomatic-complexity -MMD -MP -MF"Core/Src/stm32f1xx_it.d" -MT"Core/Src/stm32f1xx_it.o" --specs=nano.specs -mfloat-abi=soft -mthumb -o "Core/Src/stm32f1xx_it.o"
arm-none-eabi-gcc "../Core/Src/syscalls.c" -mcpu=cortex-m3 -std=gnu11 -g3 -DDEBUG -DUSE_HAL_DRIVER -DSTM32F103xB -c -I../Core/Inc -I../Drivers/STM32F1xx_HAL_Driver/Inc -I../Drivers/STM32F1xx_HAL_Driver/Inc/Legacy -I../Drivers/CMSIS/Device/ST/STM32F1xx/Include -I../Drivers/CMSIS/Include -O0 -ffunction-sections -fdata-sections -Wall -fstack-usage -fcyclomatic-complexity -MMD -MP -MF"Core/Src/syscalls.d" -MT"Core/Src/syscalls.o" --specs=nano.specs -mfloat-abi=soft -mthumb -o "Core/Src/syscalls.o"
arm-none-eabi-gcc "../Core/Src/sysmem.c" -mcpu=cortex-m3 -std=gnu11 -g3 -DDEBUG -DUSE_HAL_DRIVER -DSTM32F103xB -c -I../Core/Inc -I../Drivers/STM32F1xx_HAL_Driver/Inc -I../Drivers/STM32F1xx_HAL_Driver/Inc/Legacy -I../Drivers/CMSIS/Device/ST/STM32F1xx/Include -I../Drivers/CMSIS/Include -O0 -ffunction-sections -fdata-sections -Wall -fstack-usage -fcyclomatic-complexity -MMD -MP -MF"Core/Src/sysmem.d" -MT"Core/Src/sysmem.o" --specs=nano.specs -mfloat-abi=soft -mthumb -o "Core/Src/sysmem.o"
arm-none-eabi-gcc "../Core/Src/system_stm32f1xx.c" -mcpu=cortex-m3 -std=gnu11 -g3 -DDEBUG -DUSE_HAL_DRIVER -DSTM32F103xB -c -I../Core/Inc -I../Drivers/STM32F1xx_HAL_Driver/Inc -I../Drivers/STM32F1xx_HAL_Driver/Inc/Legacy -I../Drivers/CMSIS/Device/ST/STM32F1xx/Include -I../Drivers/CMSIS/Include -O0 -ffunction-sections -fdata-sections -Wall -fstack-usage -fcyclomatic-complexity -MMD -MP -MF"Core/Src/system_stm32f1xx.d" -MT"Core/Src/system_stm32f1xx.o" --specs=nano.specs -mfloat-abi=soft -mthumb -o "Core/Src/system_stm32f1xx.o"
In file included from ../Core/Src/bmpp388.c:9:
../Core/Inc/bmp388.h:12:10: fatal error: stm32h7xx_hal.h: No such file or directory
   12 | #include "stm32h7xx_hal.h"
      |          ^~~~~~~~~~~~~~~~~
compilation terminated.
make: *** [Core/Src/subdir.mk:43: Core/Src/bmpp388.o] Error 1
make: *** Waiting for unfinished jobs....
In file included from ../Core/Src/main.c:24:
../Core/Inc/bmp388.h:12:10: fatal error: stm32h7xx_hal.h: No such file or directory
   12 | #include "stm32h7xx_hal.h"
      |          ^~~~~~~~~~~~~~~~~
compilation terminated.
make: *** [Core/Src/subdir.mk:43: Core/Src/main.o] Error 1
"make -j32 all" terminated with exit code 2. Build might be incomplete.
19:24:55 **** Incremental Build of configuration Debug for project firmware ****
make -j32 all 
arm-none-eabi-gcc "../Core/Src/bmpp388.c" -mcpu=cortex-m3 -std=gnu11 -g3 -DDEBUG -DUSE_HAL_DRIVER -DSTM32F103xB -c -I../Core/Inc -I../Drivers/STM32F1xx_HAL_Driver/Inc -I../Drivers/STM32F1xx_HAL_Driver/Inc/Legacy -I../Drivers/CMSIS/Device/ST/STM32F1xx/Include -I../Drivers/CMSIS/Include -O0 -ffunction-sections -fdata-sections -Wall -fstack-usage -fcyclomatic-complexity -MMD -MP -MF"Core/Src/bmpp388.d" -MT"Core/Src/bmpp388.o" --specs=nano.specs -mfloat-abi=soft -mthumb -o "Core/Src/bmpp388.o"
arm-none-eabi-gcc "../Core/Src/main.c" -mcpu=cortex-m3 -std=gnu11 -g3 -DDEBUG -DUSE_HAL_DRIVER -DSTM32F103xB -c -I../Core/Inc -I../Drivers/STM32F1xx_HAL_Driver/Inc -I../Drivers/STM32F1xx_HAL_Driver/Inc/Legacy -I../Drivers/CMSIS/Device/ST/STM32F1xx/Include -I../Drivers/CMSIS/Include -O0 -ffunction-sections -fdata-sections -Wall -fstack-usage -fcyclomatic-complexity -MMD -MP -MF"Core/Src/main.d" -MT"Core/Src/main.o" --specs=nano.specs -mfloat-abi=soft -mthumb -o "Core/Src/main.o"
In file included from ../Core/Src/bmpp388.c:9:
../Core/Inc/bmp388.h:12:10: fatal error: stm32h7xx_hal.h: No such file or directory
   12 | #include "stm32h7xx_hal.h"
      |          ^~~~~~~~~~~~~~~~~
compilation terminated.
In file included from ../Core/Src/main.c:24:
../Core/Inc/bmp388.h:12:10: fatal error: stm32h7xx_hal.h: No such file or directory
   12 | #include "stm32h7xx_hal.h"
      |          ^~~~~~~~~~~~~~~~~
compilation terminated.
make: *** [Core/Src/subdir.mk:43: Core/Src/main.o] Error 1
make: *** Waiting for unfinished jobs....
make: *** [Core/Src/subdir.mk:43: Core/Src/bmpp388.o] Error 1
"make -j32 all" terminated with exit code 2. Build might be incomplete.
19:25:19 **** Incremental Build of configuration Debug for project firmware ****
make -j32 all 
arm-none-eabi-gcc "../Core/Src/bmpp388.c" -mcpu=cortex-m3 -std=gnu11 -g3 -DDEBUG -DUSE_HAL_DRIVER -DSTM32F103xB -c -I../Core/Inc -I../Drivers/STM32F1xx_HAL_Driver/Inc -I../Drivers/STM32F1xx_HAL_Driver/Inc/Legacy -I../Drivers/CMSIS/Device/ST/STM32F1xx/Include -I../Drivers/CMSIS/Include -O0 -ffunction-sections -fdata-sections -Wall -fstack-usage -fcyclomatic-complexity -MMD -MP -MF"Core/Src/bmpp388.d" -MT"Core/Src/bmpp388.o" --specs=nano.specs -mfloat-abi=soft -mthumb -o "Core/Src/bmpp388.o"
arm-none-eabi-gcc "../Core/Src/main.c" -mcpu=cortex-m3 -std=gnu11 -g3 -DDEBUG -DUSE_HAL_DRIVER -DSTM32F103xB -c -I../Core/Inc -I../Drivers/STM32F1xx_HAL_Driver/Inc -I../Drivers/STM32F1xx_HAL_Driver/Inc/Legacy -I../Drivers/CMSIS/Device/ST/STM32F1xx/Include -I../Drivers/CMSIS/Include -O0 -ffunction-sections -fdata-sections -Wall -fstack-usage -fcyclomatic-complexity -MMD -MP -MF"Core/Src/main.d" -MT"Core/Src/main.o" --specs=nano.specs -mfloat-abi=soft -mthumb -o "Core/Src/main.o"
In file included from ../Core/Src/bmpp388.c:9:
../Core/Inc/bmp388.h:12:10: fatal error: stm32h1xx_hal.h: No such file or directory
   12 | #include "stm32h1xx_hal.h"
      |          ^~~~~~~~~~~~~~~~~
compilation terminated.
make: *** [Core/Src/subdir.mk:43: Core/Src/bmpp388.o] Error 1
make: *** Waiting for unfinished jobs....
In file included from ../Core/Src/main.c:24:
../Core/Inc/bmp388.h:12:10: fatal error: stm32h1xx_hal.h: No such file or directory
   12 | #include "stm32h1xx_hal.h"
      |          ^~~~~~~~~~~~~~~~~
compilation terminated.
make: *** [Core/Src/subdir.mk:43: Core/Src/main.o] Error 1
"make -j32 all" terminated with exit code 2. Build might be incomplete.
19:25:39 **** Incremental Build of configuration Debug for project firmware ****
make -j32 all 
arm-none-eabi-gcc "../Core/Src/bmpp388.c" -mcpu=cortex-m3 -std=gnu11 -g3 -DDEBUG -DUSE_HAL_DRIVER -DSTM32F103xB -c -I../Core/Inc -I../Drivers/STM32F1xx_HAL_Driver/Inc -I../Drivers/STM32F1xx_HAL_Driver/Inc/Legacy -I../Drivers/CMSIS/Device/ST/STM32F1xx/Include -I../Drivers/CMSIS/Include -O0 -ffunction-sections -fdata-sections -Wall -fstack-usage -fcyclomatic-complexity -MMD -MP -MF"Core/Src/bmpp388.d" -MT"Core/Src/bmpp388.o" --specs=nano.specs -mfloat-abi=soft -mthumb -o "Core/Src/bmpp388.o"
arm-none-eabi-gcc "../Core/Src/main.c" -mcpu=cortex-m3 -std=gnu11 -g3 -DDEBUG -DUSE_HAL_DRIVER -DSTM32F103xB -c -I../Core/Inc -I../Drivers/STM32F1xx_HAL_Driver/Inc -I../Drivers/STM32F1xx_HAL_Driver/Inc/Legacy -I../Drivers/CMSIS/Device/ST/STM32F1xx/Include -I../Drivers/CMSIS/Include -O0 -ffunction-sections -fdata-sections -Wall -fstack-usage -fcyclomatic-complexity -MMD -MP -MF"Core/Src/main.d" -MT"Core/Src/main.o" --specs=nano.specs -mfloat-abi=soft -mthumb -o "Core/Src/main.o"
../Core/Src/main.c:38:13: warning: 'MX_USART3_UART_Init' used but never defined
   38 | static void MX_USART3_UART_Init(void);
      |             ^~~~~~~~~~~~~~~~~~~
../Core/Src/main.c:562:13: warning: 'MX_USART2_UART_Init' defined but not used [-Wunused-function]
  562 | static void MX_USART2_UART_Init(void)
      |             ^~~~~~~~~~~~~~~~~~~
../Core/Src/main.c:529:13: warning: 'MX_USART1_UART_Init' defined but not used [-Wunused-function]
  529 | static void MX_USART1_UART_Init(void)
      |             ^~~~~~~~~~~~~~~~~~~
../Core/Src/main.c:491:13: warning: 'MX_SPI2_Init' defined but not used [-Wunused-function]
  491 | static void MX_SPI2_Init(void)
      |             ^~~~~~~~~~~~
../Core/Src/main.c:453:13: warning: 'MX_SPI1_Init' defined but not used [-Wunused-function]
  453 | static void MX_SPI1_Init(void)
      |             ^~~~~~~~~~~~
../Core/Src/main.c:419:13: warning: 'MX_I2C2_Init' defined but not used [-Wunused-function]
  419 | static void MX_I2C2_Init(void)
      |             ^~~~~~~~~~~~
arm-none-eabi-gcc -o "firmware.elf" @"objects.list"   -mcpu=cortex-m3 -T"C:\Users\Saleh work and edu\Desktop\Saleh Uni\sem 7\senior year project\Flight Controller\Test_Board\firmware\STM32F103C8TX_FLASH.ld" --specs=nosys.specs -Wl,-Map="firmware.map" -Wl,--gc-sections -static --specs=nano.specs -mfloat-abi=soft -mthumb -u _printf_float -Wl,--start-group -lc -lm -Wl,--end-group
C:/ST/STM32CubeIDE_1.19.0/STM32CubeIDE/plugins/com.st.stm32cube.ide.mcu.externaltools.gnu-tools-for-stm32.13.3.rel1.win32_1.0.0.202411081344/tools/bin/../lib/gcc/arm-none-eabi/13.3.1/../../../../arm-none-eabi/bin/ld.exe: ./Core/Src/main.o: in function `main':
C:/Users/Saleh work and edu/Desktop/Saleh Uni/sem 7/senior year project/Flight Controller/Test_Board/firmware/Debug/../Core/Src/main.c:294:(.text.main+0x16): undefined reference to `MX_USART3_UART_Init'
collect2.exe: error: ld returned 1 exit status
make: *** [makefile:64: firmware.elf] Error 1
"make -j32 all" terminated with exit code 2. Build might be incomplete.
19:26:19 **** Incremental Build of configuration Debug for project firmware ****
make -j32 all 
arm-none-eabi-gcc "../Core/Src/main.c" -mcpu=cortex-m3 -std=gnu11 -g3 -DDEBUG -DUSE_HAL_DRIVER -DSTM32F103xB -c -I../Core/Inc -I../Drivers/STM32F1xx_HAL_Driver/Inc -I../Drivers/STM32F1xx_HAL_Driver/Inc/Legacy -I../Drivers/CMSIS/Device/ST/STM32F1xx/Include -I../Drivers/CMSIS/Include -O0 -ffunction-sections -fdata-sections -Wall -fstack-usage -fcyclomatic-complexity -MMD -MP -MF"Core/Src/main.d" -MT"Core/Src/main.o" --specs=nano.specs -mfloat-abi=soft -mthumb -o "Core/Src/main.o"
../Core/Src/main.c:38:13: warning: 'MX_USART3_UART_Init' declared 'static' but never defined [-Wunused-function]
   38 | static void MX_USART3_UART_Init(void);
      |             ^~~~~~~~~~~~~~~~~~~
../Core/Src/main.c:562:13: warning: 'MX_USART2_UART_Init' defined but not used [-Wunused-function]
  562 | static void MX_USART2_UART_Init(void)
      |             ^~~~~~~~~~~~~~~~~~~
../Core/Src/main.c:529:13: warning: 'MX_USART1_UART_Init' defined but not used [-Wunused-function]
  529 | static void MX_USART1_UART_Init(void)
      |             ^~~~~~~~~~~~~~~~~~~
../Core/Src/main.c:491:13: warning: 'MX_SPI2_Init' defined but not used [-Wunused-function]
  491 | static void MX_SPI2_Init(void)
      |             ^~~~~~~~~~~~
../Core/Src/main.c:453:13: warning: 'MX_SPI1_Init' defined but not used [-Wunused-function]
  453 | static void MX_SPI1_Init(void)
      |             ^~~~~~~~~~~~
../Core/Src/main.c:419:13: warning: 'MX_I2C2_Init' defined but not used [-Wunused-function]
  419 | static void MX_I2C2_Init(void)
      |             ^~~~~~~~~~~~
arm-none-eabi-gcc -o "firmware.elf" @"objects.list"   -mcpu=cortex-m3 -T"C:\Users\Saleh work and edu\Desktop\Saleh Uni\sem 7\senior year project\Flight Controller\Test_Board\firmware\STM32F103C8TX_FLASH.ld" --specs=nosys.specs -Wl,-Map="firmware.map" -Wl,--gc-sections -static --specs=nano.specs -mfloat-abi=soft -mthumb -u _printf_float -Wl,--start-group -lc -lm -Wl,--end-group
Finished building target: firmware.elf
 
arm-none-eabi-size  firmware.elf 
arm-none-eabi-objdump -h -S firmware.elf  > "firmware.list"
   text	   data	    bss	    dec	    hex	filename
  35644	    468	   2224	  38336	   95c0	firmware.elf
Finished building: default.size.stdout
 
Finished building: firmware.list
 
19:26:37 **** Incremental Build of configuration Debug for project firmware ****
make -j32 all 
arm-none-eabi-size  firmware.elf 
   text	   data	    bss	    dec	    hex	filename
  35644	    468	   2224	  38336	   95c0	firmware.elf
Finished building: default.size.stdout
 
19:27:54 **** Incremental Build of configuration Debug for project firmware ****
make -j32 all 
arm-none-eabi-size  firmware.elf 
   text	   data	    bss	    dec	    hex	filename
  35644	    468	   2224	  38336	   95c0	firmware.elf
Finished building: default.size.stdout
 
19:29:56 **** Incremental Build of configuration Debug for project firmware ****
make -j32 all 
arm-none-eabi-size  firmware.elf 
   text	   data	    bss	    dec	    hex	filename
  35644	    468	   2224	  38336	   95c0	firmware.elf
Finished building: default.size.stdout
 
19:31:16 **** Incremental Build of configuration Debug for project firmware ****
make -j32 all 
arm-none-eabi-gcc "../Core/Src/main.c" -mcpu=cortex-m3 -std=gnu11 -g3 -DDEBUG -DUSE_HAL_DRIVER -DSTM32F103xB -c -I../Core/Inc -I../Drivers/STM32F1xx_HAL_Driver/Inc -I../Drivers/STM32F1xx_HAL_Driver/Inc/Legacy -I../Drivers/CMSIS/Device/ST/STM32F1xx/Include -I../Drivers/CMSIS/Include -O0 -ffunction-sections -fdata-sections -Wall -fstack-usage -fcyclomatic-complexity -MMD -MP -MF"Core/Src/main.d" -MT"Core/Src/main.o" --specs=nano.specs -mfloat-abi=soft -mthumb -o "Core/Src/main.o"
../Core/Src/main.c: In function 'main':
../Core/Src/main.c:298:19: warning: variable 'status' set but not used [-Wunused-but-set-variable]
  298 |     BMP388_Status status;
      |                   ^~~~~~
../Core/Src/main.c: At top level:
../Core/Src/main.c:38:13: warning: 'MX_USART3_UART_Init' declared 'static' but never defined [-Wunused-function]
   38 | static void MX_USART3_UART_Init(void);
      |             ^~~~~~~~~~~~~~~~~~~
../Core/Src/main.c:528:13: warning: 'MX_USART2_UART_Init' defined but not used [-Wunused-function]
  528 | static void MX_USART2_UART_Init(void)
      |             ^~~~~~~~~~~~~~~~~~~
../Core/Src/main.c:495:13: warning: 'MX_USART1_UART_Init' defined but not used [-Wunused-function]
  495 | static void MX_USART1_UART_Init(void)
      |             ^~~~~~~~~~~~~~~~~~~
../Core/Src/main.c:457:13: warning: 'MX_SPI2_Init' defined but not used [-Wunused-function]
  457 | static void MX_SPI2_Init(void)
      |             ^~~~~~~~~~~~
../Core/Src/main.c:419:13: warning: 'MX_SPI1_Init' defined but not used [-Wunused-function]
  419 | static void MX_SPI1_Init(void)
      |             ^~~~~~~~~~~~
../Core/Src/main.c:385:13: warning: 'MX_I2C2_Init' defined but not used [-Wunused-function]
  385 | static void MX_I2C2_Init(void)
      |             ^~~~~~~~~~~~
arm-none-eabi-gcc -o "firmware.elf" @"objects.list"   -mcpu=cortex-m3 -T"C:\Users\Saleh work and edu\Desktop\Saleh Uni\sem 7\senior year project\Flight Controller\Test_Board\firmware\STM32F103C8TX_FLASH.ld" --specs=nosys.specs -Wl,-Map="firmware.map" -Wl,--gc-sections -static --specs=nano.specs -mfloat-abi=soft -mthumb -u _printf_float -Wl,--start-group -lc -lm -Wl,--end-group
Finished building target: firmware.elf
 
arm-none-eabi-size  firmware.elf 
arm-none-eabi-objdump -h -S firmware.elf  > "firmware.list"
   text	   data	    bss	    dec	    hex	filename
  31252	    468	   2060	  33780	   83f4	firmware.elf
Finished building: default.size.stdout
 
Finished building: firmware.list
 
19:32:56 **** Incremental Build of configuration Debug for project firmware ****
make -j32 all 
arm-none-eabi-size  firmware.elf 
[...]
Finished building target: firmware.elf
 
arm-none-eabi-size  firmware.elf 
arm-none-eabi-objdump -h -S firmware.elf  > "firmware.list"
   text	   data	    bss	    dec	    hex	filename
  27140	    472	   2864	  30476	   770c	firmware.elf
Finished building: default.size.stdout
 
Finished building: firmware.list
 
12:44:03 **** Incremental Build of configuration Debug for project firmware ****
make -j32 all 
arm-none-eabi-gcc "../Core/Src/ICM-42688p.c" -mcpu=cortex-m3 -std=gnu11 -g3 -DDEBUG -DUSE_HAL_DRIVER -DSTM32F103xB -c -I../Core/Inc -I../Drivers/STM32F1xx_HAL_Driver/Inc -I../Drivers/STM32F1xx_HAL_Driver/Inc/Legacy -I../Drivers/CMSIS/Device/ST/STM32F1xx/Include -I../Drivers/CMSIS/Include -O0 -ffunction-sections -fdata-sections -Wall -fstack-usage -fcyclomatic-complexity -MMD -MP -MF"Core/Src/ICM-42688p.d" -MT"Core/Src/ICM-42688p.o" --specs=nano.specs -mfloat-abi=soft -mthumb -o "Core/Src/ICM-42688p.o"
arm-none-eabi-gcc "../Core/Src/bmi2.c" -mcpu=cortex-m3 -std=gnu11 -g3 -DDEBUG -DUSE_HAL_DRIVER -DSTM32F103xB -c -I../Core/Inc -I../Drivers/STM32F1xx_HAL_Driver/Inc -I../Drivers/STM32F1xx_HAL_Driver/Inc/Legacy -I../Drivers/CMSIS/Device/ST/STM32F1xx/Include -I../Drivers/CMSIS/Include -O0 -ffunction-sections -fdata-sections -Wall -fstack-usage -fcyclomatic-complexity -MMD -MP -MF"Core/Src/bmi2.d" -MT"Core/Src/bmi2.o" --specs=nano.specs -mfloat-abi=soft -mthumb -o "Core/Src/bmi2.o"
arm-none-eabi-gcc "../Core/Src/bmi270.c" -mcpu=cortex-m3 -std=gnu11 -g3 -DDEBUG -DUSE_HAL_DRIVER -DSTM32F103xB -c -I../Core/Inc -I../Drivers/STM32F1xx_HAL_Driver/Inc -I../Drivers/STM32F1xx_HAL_Driver/Inc/Legacy -I../Drivers/CMSIS/Device/ST/STM32F1xx/Include -I../Drivers/CMSIS/Include -O0 -ffunction-sections -fdata-sections -Wall -fstack-usage -fcyclomatic-complexity -MMD -MP -MF"Core/Src/bmi270.d" -MT"Core/Src/bmi270.o" --specs=nano.specs -mfloat-abi=soft -mthumb -o "Core/Src/bmi270.o"
arm-none-eabi-gcc "../Core/Src/bmi270_stm32.c" -mcpu=cortex-m3 -std=gnu11 -g3 -DDEBUG -DUSE_HAL_DRIVER -DSTM32F103xB -c -I../Core/Inc -I../Drivers/STM32F1xx_HAL_Driver/Inc -I../Drivers/STM32F1xx_HAL_Driver/Inc/Legacy -I../Drivers/CMSIS/Device/ST/STM32F1xx/Include -I../Drivers/CMSIS/Include -O0 -ffunction-sections -fdata-sections -Wall -fstack-usage -fcyclomatic-complexity -MMD -MP -MF"Core/Src/bmi270_stm32.d" -MT"Core/Src/bmi270_stm32.o" --specs=nano.specs -mfloat-abi=soft -mthumb -o "Core/Src/bmi270_stm32.o"
arm-none-eabi-gcc "../Core/Src/bmp388.c" -mcpu=cortex-m3 -std=gnu11 -g3 -DDEBUG -DUSE_HAL_DRIVER -DSTM32F103xB -c -I../Core/Inc -I../Drivers/STM32F1xx_HAL_Driver/Inc -I../Drivers/STM32F1xx_HAL_Driver/Inc/Legacy -I../Drivers/CMSIS/Device/ST/STM32F1xx/Include -I../Drivers/CMSIS/Include -O0 -ffunction-sections -fdata-sections -Wall -fstack-usage -fcyclomatic-complexity -MMD -MP -MF"Core/Src/bmp388.d" -MT"Core/Src/bmp388.o" --specs=nano.specs -mfloat-abi=soft -mthumb -o "Core/Src/bmp388.o"
arm-none-eabi-gcc "../Core/Src/main.c" -mcpu=cortex-m3 -std=gnu11 -g3 -DDEBUG -DUSE_HAL_DRIVER -DSTM32F103xB -c -I../Core/Inc -I../Drivers/STM32F1xx_HAL_Driver/Inc -I../Drivers/STM32F1xx_HAL_Driver/Inc/Legacy -I../Drivers/CMSIS/Device/ST/STM32F1xx/Include -I../Drivers/CMSIS/Include -O0 -ffunction-sections -fdata-sections -Wall -fstack-usage -fcyclomatic-complexity -MMD -MP -MF"Core/Src/main.d" -MT"Core/Src/main.o" --specs=nano.specs -mfloat-abi=soft -mthumb -o "Core/Src/main.o"
arm-none-eabi-gcc "../Core/Src/stm32f1xx_hal_msp.c" -mcpu=cortex-m3 -std=gnu11 -g3 -DDEBUG -DUSE_HAL_DRIVER -DSTM32F103xB -c -I../Core/Inc -I../Drivers/STM32F1xx_HAL_Driver/Inc -I../Drivers/STM32F1xx_HAL_Driver/Inc/Legacy -I../Drivers/CMSIS/Device/ST/STM32F1xx/Include -I../Drivers/CMSIS/Include -O0 -ffunction-sections -fdata-sections -Wall -fstack-usage -fcyclomatic-complexity -MMD -MP -MF"Core/Src/stm32f1xx_hal_msp.d" -MT"Core/Src/stm32f1xx_hal_msp.o" --specs=nano.specs -mfloat-abi=soft -mthumb -o "Core/Src/stm32f1xx_hal_msp.o"
arm-none-eabi-gcc "../Core/Src/stm32f1xx_it.c" -mcpu=cortex-m3 -std=gnu11 -g3 -DDEBUG -DUSE_HAL_DRIVER -DSTM32F103xB -c -I../Core/Inc -I../Drivers/STM32F1xx_HAL_Driver/Inc -I../Drivers/STM32F1xx_HAL_Driver/Inc/Legacy -I../Drivers/CMSIS/Device/ST/STM32F1xx/Include -I../Drivers/CMSIS/Include -O0 -ffunction-sections -fdata-sections -Wall -fstack-usage -fcyclomatic-complexity -MMD -MP -MF"Core/Src/stm32f1xx_it.d" -MT"Core/Src/stm32f1xx_it.o" --specs=nano.specs -mfloat-abi=soft -mthumb -o "Core/Src/stm32f1xx_it.o"
arm-none-eabi-gcc "../Core/Src/syscalls.c" -mcpu=cortex-m3 -std=gnu11 -g3 -DDEBUG -DUSE_HAL_DRIVER -DSTM32F103xB -c -I../Core/Inc -I../Drivers/STM32F1xx_HAL_Driver/Inc -I../Drivers/STM32F1xx_HAL_Driver/Inc/Legacy -I../Drivers/CMSIS/Device/ST/STM32F1xx/Include -I../Drivers/CMSIS/Include -O0 -ffunction-sections -fdata-sections -Wall -fstack-usage -fcyclomatic-complexity -MMD -MP -MF"Core/Src/syscalls.d" -MT"Core/Src/syscalls.o" --specs=nano.specs -mfloat-abi=soft -mthumb -o "Core/Src/syscalls.o"
arm-none-eabi-gcc "../Core/Src/sysmem.c" -mcpu=cortex-m3 -std=gnu11 -g3 -DDEBUG -DUSE_HAL_DRIVER -DSTM32F103xB -c -I../Core/Inc -I../Drivers/STM32F1xx_HAL_Driver/Inc -I../Drivers/STM32F1xx_HAL_Driver/Inc/Legacy -I../Drivers/CMSIS/Device/ST/STM32F1xx/Include -I../Drivers/CMSIS/Include -O0 -ffunction-sections -fdata-sections -Wall -fstack-usage -fcyclomatic-complexity -MMD -MP -MF"Core/Src/sysmem.d" -MT"Core/Src/sysmem.o" --specs=nano.specs -mfloat-abi=soft -mthumb -o "Core/Src/sysmem.o"
arm-none-eabi-gcc "../Core/Src/system_stm32f1xx.c" -mcpu=cortex-m3 -std=gnu11 -g3 -DDEBUG -DUSE_HAL_DRIVER -DSTM32F103xB -c -I../Core/Inc -I../Drivers/STM32F1xx_HAL_Driver/Inc -I../Drivers/STM32F1xx_HAL_Driver/Inc/Legacy -I../Drivers/CMSIS/Device/ST/STM32F1xx/Include -I../Drivers/CMSIS/Include -O0 -ffunction-sections -fdata-sections -Wall -fstack-usage -fcyclomatic-complexity -MMD -MP -MF"Core/Src/system_stm32f1xx.d" -MT"Core/Src/system_stm32f1xx.o" --specs=nano.specs -mfloat-abi=soft -mthumb -o "Core/Src/system_stm32f1xx.o"
arm-none-eabi-gcc -o "firmware.elf" @"objects.list"   -mcpu=cortex-m3 -T"C:\Users\Saleh work and edu\Desktop\Saleh Uni\sem 7\senior year project\Flight Controller\Test_Board\firmware\STM32F103C8TX_FLASH.ld" --specs=nosys.specs -Wl,-Map="firmware.map" -Wl,--gc-sections -static --specs=nano.specs -mfloat-abi=soft -mthumb -u _printf_float -Wl,--start-group -lc -lm -Wl,--end-group
Finished building target: firmware.elf
 
arm-none-eabi-size  firmware.elf 
arm-none-eabi-objdump -h -S firmware.elf  > "firmware.list"
   text	   data	    bss	    dec	    hex	filename
  38092	    488	   3144	  41724	   a2fc	firmware.elf
Finished building: default.size.stdout
 
Finished building: firmware.list
 
12:45:44 **** Incremental Build of configuration Debug for project firmware ****
make -j32 all 
arm-none-eabi-size  firmware.elf 
   text	   data	    bss	    dec	    hex	filename
  38092	    488	   3144	  41724	   a2fc	firmware.elf
Finished building: default.size.stdout
 
12:47:45 **** Incremental Build of configuration Debug for project firmware ****
make -j32 all 
arm-none-eabi-gcc "../Core/Src/main.c" -mcpu=cortex-m3 -std=gnu11 -g3 -DDEBUG -DUSE_HAL_DRIVER -DSTM32F103xB -c -I../Core/Inc -I../Drivers/STM32F1xx_HAL_Driver/Inc -I../Drivers/STM32F1xx_HAL_Driver/Inc/Legacy -I../Drivers/CMSIS/Device/ST/STM32F1xx/Include -I../Drivers/CMSIS/Include -O0 -ffunction-sections -fdata-sections -Wall -fstack-usage -fcyclomatic-complexity -MMD -MP -MF"Core/Src/main.d" -MT"Core/Src/main.o" --specs=nano.specs -mfloat-abi=soft -mthumb -o "Core/Src/main.o"
arm-none-eabi-gcc -o "firmware.elf" @"objects.list"   -mcpu=cortex-m3 -T"C:\Users\Saleh work and edu\Desktop\Saleh Uni\sem 7\senior year project\Flight Controller\Test_Board\firmware\STM32F103C8TX_FLASH.ld" --specs=nosys.specs -Wl,-Map="firmware.map" -Wl,--gc-sections -static --specs=nano.specs -mfloat-abi=soft -mthumb -u _printf_float -Wl,--start-group -lc -lm -Wl,--end-group
Finished building target: firmware.elf
 
arm-none-eabi-size  firmware.elf 
arm-none-eabi-objdump -h -S firmware.elf  > "firmware.list"
   text	   data	    bss	    dec	    hex	filename
  40356	    488	   3544	  44388	   ad64	firmware.elf
Finished building: default.size.stdout
 
Finished building: firmware.list
 
12:52:07 **** Incremental Build of configuration Debug for project firmware ****
make -j32 all 
arm-none-eabi-gcc "../Core/Src/bmi270_stm32.c" -mcpu=cortex-m3 -std=gnu11 -g3 -DDEBUG -DUSE_HAL_DRIVER -DSTM32F103xB -c -I../Core/Inc -I../Drivers/STM32F1xx_HAL_Driver/Inc -I../Drivers/STM32F1xx_HAL_Driver/Inc/Legacy -I../Drivers/CMSIS/Device/ST/STM32F1xx/Include -I../Drivers/CMSIS/Include -O0 -ffunction-sections -fdata-sections -Wall -fstack-usage -fcyclomatic-complexity -MMD -MP -MF"Core/Src/bmi270_stm32.d" -MT"Core/Src/bmi270_stm32.o" --specs=nano.specs -mfloat-abi=soft -mthumb -o "Core/Src/bmi270_stm32.o"
arm-none-eabi-gcc -o "firmware.elf" @"objects.list"   -mcpu=cortex-m3 -T"C:\Users\Saleh work and edu\Desktop\Saleh Uni\sem 7\senior year project\Flight Controller\Test_Board\firmware\STM32F103C8TX_FLASH.ld" --specs=nosys.specs -Wl,-Map="firmware.map" -Wl,--gc-sections -static --specs=nano.specs -mfloat-abi=soft -mthumb -u _printf_float -Wl,--start-group -lc -lm -Wl,--end-group
Finished building target: firmware.elf
 
arm-none-eabi-size  firmware.elf 
arm-none-eabi-objdump -h -S firmware.elf  > "firmware.list"
   text	   data	    bss	    dec	    hex	filename
  41100	    488	   3544	  45132	   b04c	firmware.elf
Finished building: default.size.stdout
 
Finished building: firmware.list
 
12:53:53 **** Incremental Build of configuration Debug for project firmware ****
make -j32 all 
arm-none-eabi-gcc "../Core/Src/main.c" -mcpu=cortex-m3 -std=gnu11 -g3 -DDEBUG -DUSE_HAL_DRIVER -DSTM32F103xB -c -I../Core/Inc -I../Drivers/STM32F1xx_HAL_Driver/Inc -I../Drivers/STM32F1xx_HAL_Driver/Inc/Legacy -I../Drivers/CMSIS/Device/ST/STM32F1xx/Include -I../Drivers/CMSIS/Include -O0 -ffunction-sections -fdata-sections -Wall -fstack-usage -fcyclomatic-complexity -MMD -MP -MF"Core/Src/main.d" -MT"Core/Src/main.o" --specs=nano.specs -mfloat-abi=soft -mthumb -o "Core/Src/main.o"
arm-none-eabi-gcc -o "firmware.elf" @"objects.list"   -mcpu=cortex-m3 -T"C:\Users\Saleh work and edu\Desktop\Saleh Uni\sem 7\senior year project\Flight Controller\Test_Board\firmware\STM32F103C8TX_FLASH.ld" --specs=nosys.specs -Wl,-Map="firmware.map" -Wl,--gc-sections -static --specs=nano.specs -mfloat-abi=soft -mthumb -u _printf_float -Wl,--start-group -lc -lm -Wl,--end-group
Finished building target: firmware.elf
 
arm-none-eabi-size  firmware.elf 
arm-none-eabi-objdump -h -S firmware.elf  > "firmware.list"
   text	   data	    bss	    dec	    hex	filename
  41100	    488	   3544	  45132	   b04c	firmware.elf
Finished building: default.size.stdout
 
Finished building: firmware.list
 
12:56:53 **** Incremental Build of configuration Debug for project firmware ****
make -j32 all 
arm-none-eabi-gcc "../Core/Src/bmi270_stm32.c" -mcpu=cortex-m3 -std=gnu11 -g3 -DDEBUG -DUSE_HAL_DRIVER -DSTM32F103xB -c -I../Core/Inc -I../Drivers/STM32F1xx_HAL_Driver/Inc -I../Drivers/STM32F1xx_HAL_Driver/Inc/Legacy -I../Drivers/CMSIS/Device/ST/STM32F1xx/Include -I../Drivers/CMSIS/Include -O0 -ffunction-sections -fdata-sections -Wall -fstack-usage -fcyclomatic-complexity -MMD -MP -MF"Core/Src/bmi270_stm32.d" -MT"Core/Src/bmi270_stm32.o" --specs=nano.specs -mfloat-abi=soft -mthumb -o "Core/Src/bmi270_stm32.o"
../Core/Src/bmi270_stm32.c:57:16: warning: 'spi_rx_buf' defined but not used [-Wunused-variable]
   57 | static uint8_t spi_rx_buf[512];
      |                ^~~~~~~~~~
arm-none-eabi-gcc -o "firmware.elf" @"objects.list"   -mcpu=cortex-m3 -T"C:\Users\Saleh work and edu\Desktop\Saleh Uni\sem 7\senior year project\Flight Controller\Test_Board\firmware\STM32F103C8TX_FLASH.ld" --specs=nosys.specs -Wl,-Map="firmware.map" -Wl,--gc-sections -static --specs=nano.specs -mfloat-abi=soft -mthumb -u _printf_float -Wl,--start-group -lc -lm -Wl,--end-group
Finished building target: firmware.elf
 
arm-none-eabi-size  firmware.elf 
arm-none-eabi-objdump -h -S firmware.elf  > "firmware.list"
   text	   data	    bss	    dec	    hex	filename
  40380	    488	   3032	  43900	   ab7c	firmware.elf
Finished building: default.size.stdout
 
Finished building: firmware.list
 
13:02:03 **** Incremental Build of configuration Debug for project firmware ****
make -j32 all 
arm-none-eabi-gcc "../Core/Src/bmi270_stm32.c" -mcpu=cortex-m3 -std=gnu11 -g3 -DDEBUG -DUSE_HAL_DRIVER -DSTM32F103xB -c -I../Core/Inc -I../Drivers/STM32F1xx_HAL_Driver/Inc -I../Drivers/STM32F1xx_HAL_Driver/Inc/Legacy -I../Drivers/CMSIS/Device/ST/STM32F1xx/Include -I../Drivers/CMSIS/Include -O0 -ffunction-sections -fdata-sections -Wall -fstack-usage -fcyclomatic-complexity -MMD -MP -MF"Core/Src/bmi270_stm32.d" -MT"Core/Src/bmi270_stm32.o" --specs=nano.specs -mfloat-abi=soft -mthumb -o "Core/Src/bmi270_stm32.o"
arm-none-eabi-gcc -o "firmware.elf" @"objects.list"   -mcpu=cortex-m3 -T"C:\Users\Saleh work and edu\Desktop\Saleh Uni\sem 7\senior year project\Flight Controller\Test_Board\firmware\STM32F103C8TX_FLASH.ld" --specs=nosys.specs -Wl,-Map="firmware.map" -Wl,--gc-sections -static --specs=nano.specs -mfloat-abi=soft -mthumb -u _printf_float -Wl,--start-group -lc -lm -Wl,--end-group
Finished building target: firmware.elf
 
arm-none-eabi-size  firmware.elf 
arm-none-eabi-objdump -h -S firmware.elf  > "firmware.list"
   text	   data	    bss	    dec	    hex	filename
  40428	    488	   3552	  44468	   adb4	firmware.elf
Finished building: default.size.stdout
 
Finished building: firmware.list
 
13:05:14 **** Incremental Build of configuration Debug for project firmware ****
make -j32 all 
arm-none-eabi-size  firmware.elf 
   text	   data	    bss	    dec	    hex	filename
  40428	    488	   3552	  44468	   adb4	firmware.elf
Finished building: default.size.stdout
 
13:06:39 **** Incremental Build of configuration Debug for project firmware ****
make -j32 all 
arm-none-eabi-size  firmware.elf 
   text	   data	    bss	    dec	    hex	filename
  40428	    488	   3552	  44468	   adb4	firmware.elf
Finished building: default.size.stdout
 
13:07:16 **** Incremental Build of configuration Debug for project firmware ****
make -j32 all 
arm-none-eabi-size  firmware.elf 
   text	   data	    bss	    dec	    hex	filename
  40428	    488	   3552	  44468	   adb4	firmware.elf
Finished building: default.size.stdout
 
16:51:45 **** Incremental Build of configuration Debug for project firmware ****
make -j32 all 
arm-none-eabi-size  firmware.elf 
   text	   data	    bss	    dec	    hex	filename
  40428	    488	   3552	  44468	   adb4	firmware.elf
Finished building: default.size.stdout
 
16:52:04 **** Incremental Build of configuration Debug for project firmware ****
make -j32 all 
arm-none-eabi-size  firmware.elf 
   text	   data	    bss	    dec	    hex	filename
  40428	    488	   3552	  44468	   adb4	firmware.elf
Finished building: default.size.stdout
 
16:53:26 **** Incremental Build of configuration Debug for project firmware ****
make -j32 all 
arm-none-eabi-size  firmware.elf 
   text	   data	    bss	    dec	    hex	filename
  40428	    488	   3552	  44468	   adb4	firmware.elf
Finished building: default.size.stdout
 
16:54:09 **** Incremental Build of configuration Debug for project firmware ****
make -j32 all 
arm-none-eabi-size  firmware.elf 
   text	   data	    bss	    dec	    hex	filename
  40428	    488	   3552	  44468	   adb4	firmware.elf
Finished building: default.size.stdout
 
17:02:13 **** Incremental Build of configuration Debug for project firmware ****
make -j32 all 
arm-none-eabi-size  firmware.elf 
   text	   data	    bss	    dec	    hex	filename
  40428	    488	   3552	  44468	   adb4	firmware.elf
Finished building: default.size.stdout
 
17:20:43 **** Incremental Build of configuration Debug for project firmware ****
make -j32 all 
arm-none-eabi-gcc "../Core/Src/main.c" -mcpu=cortex-m3 -std=gnu11 -g3 -DDEBUG -DUSE_HAL_DRIVER -DSTM32F103xB -c -I../Core/Inc -I../Drivers/STM32F1xx_HAL_Driver/Inc -I../Drivers/STM32F1xx_HAL_Driver/Inc/Legacy -I../Drivers/CMSIS/Device/ST/STM32F1xx/Include -I../Drivers/CMSIS/Include -O0 -ffunction-sections -fdata-sections -Wall -fstack-usage -fcyclomatic-complexity -MMD -MP -MF"Core/Src/main.d" -MT"Core/Src/main.o" --specs=nano.specs -mfloat-abi=soft -mthumb -o "Core/Src/main.o"
arm-none-eabi-gcc -o "firmware.elf" @"objects.list"   -mcpu=cortex-m3 -T"C:\Users\Saleh work and edu\Desktop\Saleh Uni\sem 7\senior year project\Flight Controller\Test_Board\firmware\STM32F103C8TX_FLASH.ld" --specs=nosys.specs -Wl,-Map="firmware.map" -Wl,--gc-sections -static --specs=nano.specs -mfloat-abi=soft -mthumb -u _printf_float -Wl,--start-group -lc -lm -Wl,--end-group
Finished building target: firmware.elf
 
arm-none-eabi-size  firmware.elf 
arm-none-eabi-objdump -h -S firmware.elf  > "firmware.list"
   text	   data	    bss	    dec	    hex	filename
  51260	    488	   3736	  55484	   d8bc	firmware.elf
Finished building: default.size.stdout
 
Finished building: firmware.list
 
17:21:32 **** Incremental Build of configuration Debug for project firmware ****
make -j32 all 
arm-none-eabi-size  firmware.elf 
   text	   data	    bss	    dec	    hex	filename
  51260	    488	   3736	  55484	   d8bc	firmware.elf
Finished building: default.size.stdout
 
17:22:26 **** Incremental Build of configuration Debug for project firmware ****
make -j32 all 
arm-none-eabi-size  firmware.elf 
   text	   data	    bss	    dec	    hex	filename
  51260	    488	   3736	  55484	   d8bc	firmware.elf
Finished building: default.size.stdout
 
17:24:12 **** Incremental Build of configuration Debug for project firmware ****
make -j32 all 
arm-none-eabi-size  firmware.elf 
   text	   data	    bss	    dec	    hex	filename
  51260	    488	   3736	  55484	   d8bc	firmware.elf
Finished building: default.size.stdout
 
20:31:57 **** Incremental Build of configuration Debug for project firmware ****
make -j32 all 
arm-none-eabi-gcc "../Core/Src/main.c" -mcpu=cortex-m3 -std=gnu11 -g3 -DDEBUG -DUSE_HAL_DRIVER -DSTM32F103xB -c -I../Core/Inc -I../Drivers/STM32F1xx_HAL_Driver/Inc -I../Drivers/STM32F1xx_HAL_Driver/Inc/Legacy -I../Drivers/CMSIS/Device/ST/STM32F1xx/Include -I../Drivers/CMSIS/Include -O0 -ffunction-sections -fdata-sections -Wall -fstack-usage -fcyclomatic-complexity -MMD -MP -MF"Core/Src/main.d" -MT"Core/Src/main.o" --specs=nano.specs -mfloat-abi=soft -mthumb -o "Core/Src/main.o"
arm-none-eabi-gcc -o "firmware.elf" @"objects.list"   -mcpu=cortex-m3 -T"C:\Users\Saleh work and edu\Desktop\Saleh Uni\sem 7\senior year project\Flight Controller\Test_Board\firmware\STM32F103C8TX_FLASH.ld" --specs=nosys.specs -Wl,-Map="firmware.map" -Wl,--gc-sections -static --specs=nano.specs -mfloat-abi=soft -mthumb -u _printf_float -Wl,--start-group -lc -lm -Wl,--end-group
Finished building target: firmware.elf
 
arm-none-eabi-size  firmware.elf 
arm-none-eabi-objdump -h -S firmware.elf  > "firmware.list"
   text	   data	    bss	    dec	    hex	filename
  54332	    488	   3792	  58612	   e4f4	firmware.elf
Finished building: default.size.stdout
 
Finished building: firmware.list
 
20:33:53 **** Incremental Build of configuration Debug for project firmware ****
make -j32 all 
arm-none-eabi-size  firmware.elf 
   text	   data	    bss	    dec	    hex	filename
  54332	    488	   3792	  58612	   e4f4	firmware.elf
Finished building: default.size.stdout
 
20:35:58 **** Incremental Build of configuration Debug for project firmware ****
make -j32 all 
arm-none-eabi-size  firmware.elf 
   text	   data	    bss	    dec	    hex	filename
  54332	    488	   3792	  58612	   e4f4	firmware.elf
Finished building: default.size.stdout
 
